=== CONFIRM EB  N=256 steps=40000 fe=1.02e+07 seeds=32 floor=0.00403 ===
  wfr          I_F=0.03612 e_F=0.03362 (/fl    8.3) chan=0.1754 cov=1.000 ess=1.00 [26s]
  wfr_anneal   I_F=0.03767 e_F=0.01265 (/fl    3.1) chan=0.1822 cov=1.000 ess=1.00 [26s]
  wfr_flow     I_F=0.01513 e_F=0.00834 (/fl    2.1) chan=0.1476 cov=1.000 ess=1.00 [30s]
  wfr_flow_w   I_F=0.03648 e_F=0.01273 (/fl    3.2) chan=0.1580 cov=1.000 ess=1.00 [30s]
  wfr_flow_cnt I_F=0.01504 e_F=0.00879 (/fl    2.2) chan=0.1877 cov=1.000 ess=1.00 [28s]
  wfr_gmm      I_F=0.02139 e_F=0.01257 (/fl    3.1) chan=0.1862 cov=0.978 ess=1.00 [32s]
  wfr_scaled   I_F=0.00711 e_F=0.00615 (/fl    1.5) chan=0.1699 cov=1.000 ess=1.00 [27s]
  wfr_oracle   I_F=0.00456 e_F=0.00444 (/fl    1.1) chan=0.1604 cov=1.000 ess=1.00 [33s]
  w_only       I_F=0.07650 e_F=0.03656 (/fl    9.1) chan=0.1681 cov=1.000 ess=1.00 [21s]
  fr_only      I_F=1.03684 e_F=1.03676 (/fl  257.2) chan=0.0497 cov=0.067 ess=1.00 [25s]
  w_count      I_F=0.03502 e_F=0.03283 (/fl    8.1) chan=0.1879 cov=1.000 ess=1.00 [24s]
  w_sham       I_F=0.08185 e_F=0.03786 (/fl    9.4) chan=0.1840 cov=0.978 ess=1.00 [22s]
  ti_cold      I_F=0.01140 e_F=0.00639 (/fl    1.6) chan=0.1402 cov=1.000 ess=1.00 [19s]
  ti_warm      I_F=0.00669 e_F=0.00566 (/fl    1.4) chan=0.1402 cov=1.000 ess=1.00 [19s]
  reti_cold    I_F=0.01086 e_F=0.00615 (/fl    1.5) chan=0.1417 cov=1.000 ess=1.00 [20s] acc=0.983
  reti_warm    I_F=0.00637 e_F=0.00552 (/fl    1.4) chan=0.1417 cov=1.000 ess=1.00 [20s] acc=0.983
  abf          I_F=0.04138 e_F=0.00749 (/fl    1.9) chan=0.1670 cov=1.000 ess=1.00 [32s]
  shus         I_F=2.51069 e_F=0.85828 (/fl  212.9) chan=0.2094 cov=0.644 ess=1.00 [23s]
  unbiased     I_F=0.89838 e_F=0.89806 (/fl  222.8) chan=0.1368 cov=0.178 ess=1.00 [27s]

paired median relative change in I_F (negative = row better than column)
arm                             ti_cold                  reti_cold                        abf
wfr             +223.7% [+197.7,+251.9]    +235.1% [+207.8,+270.9]      -5.8% [ -17.2,  +3.2]
wfr_anneal      +231.7% [+208.4,+264.9]    +251.2% [+217.6,+287.9]      -8.0% [ -16.7,  -0.7]
wfr_flow         +40.5% [ +29.0, +53.8]     +46.0% [ +32.9, +65.2]     -62.6% [ -66.3, -58.0]
wfr_flow_w      +224.9% [+206.0,+249.9]    +236.1% [+213.4,+254.9]      -8.1% [ -15.2,  +3.8]
wfr_flow_cnt     +25.9% [ +11.4, +52.0]     +40.0% [ +21.8, +49.7]     -61.9% [ -67.0, -59.1]
wfr_gmm          +80.8% [ +73.0,+108.6]    +100.9% [ +74.5,+116.2]     -47.8% [ -52.0, -42.0]
wfr_scaled       -36.1% [ -39.9, -33.8]     -31.4% [ -41.9, -26.4]     -82.8% [ -83.7, -80.5]
wfr_oracle       -59.2% [ -61.6, -57.4]     -57.8% [ -60.3, -55.8]     -88.7% [ -89.4, -88.2]
w_only          +579.0% [+546.8,+591.7]    +617.8% [+562.5,+665.6]     +85.9% [ +78.8,+104.4]
fr_only      +8960.4% [+8681.0,+9620.1] +9329.4% [+8755.8,+10041.9] +2396.8% [+2325.6,+2542.8]
w_count         +230.6% [+188.4,+262.1]    +248.7% [+201.3,+320.2]      -6.5% [ -20.8,  +3.0]
w_sham          +612.7% [+562.5,+660.5]    +620.4% [+556.4,+713.8]     +99.4% [ +80.6,+115.7]
ti_cold           +0.0% [  +0.0,  +0.0]      +2.6% [  -1.5, +16.3]     -71.1% [ -73.5, -69.3]
ti_warm          -40.3% [ -43.0, -37.4]     -38.4% [ -42.5, -34.7]     -83.4% [ -84.5, -82.4]
reti_cold         -2.5% [ -14.0,  +1.6]      +0.0% [  +0.0,  +0.0]     -72.6% [ -74.3, -70.1]
reti_warm        -42.8% [ -44.8, -39.8]     -39.7% [ -42.1, -35.6]     -83.3% [ -85.0, -81.3]
abf             +246.4% [+226.2,+276.8]    +264.5% [+233.9,+288.4]      +0.0% [  +0.0,  +0.0]
shus         +22060.6% [+21063.9,+23605.1] +22909.7% [+21807.6,+24561.2] +5968.1% [+5733.8,+6370.4]
unbiased     +7806.8% [+7487.2,+8281.7] +8303.5% [+7656.5,+8644.1] +2099.4% [+1991.0,+2214.5]
