=== CONFIRM CHANNEL  N=256 steps=100000 fe=2.56e+07 seeds=32 floor=0.00346 ===
  wfr          I_F=0.23933 e_F=0.19399 (/fl   56.1) chan=0.1677 cov=1.000 ess=1.00 [100s]
  wfr_anneal   I_F=0.19239 e_F=0.10397 (/fl   30.1) chan=0.1040 cov=1.000 ess=1.00 [98s]
  wfr_flow     I_F=0.16076 e_F=0.04982 (/fl   14.4) chan=0.0694 cov=0.956 ess=1.00 [110s]
  wfr_flow_fr  I_F=0.25463 e_F=0.22173 (/fl   64.1) chan=0.2304 cov=1.000 ess=1.00 [110s]
  wfr_scaled   I_F=0.29172 e_F=0.26642 (/fl   77.0) chan=0.2191 cov=1.000 ess=1.00 [103s]
  wfr_oracle   I_F=0.00377 e_F=0.00359 (/fl    1.0) chan=0.0323 cov=1.000 ess=1.00 [126s]
  w_only       I_F=0.25834 e_F=0.18153 (/fl   52.5) chan=0.1922 cov=1.000 ess=1.00 [69s]
  fr_only      I_F=0.62760 e_F=0.62765 (/fl  181.5) chan=0.0000 cov=0.067 ess=1.00 [95s]
  w_count      I_F=0.23212 e_F=0.18598 (/fl   53.8) chan=0.1712 cov=1.000 ess=1.00 [87s]
  w_sham       I_F=0.26029 e_F=0.18806 (/fl   54.4) chan=0.1612 cov=0.978 ess=1.00 [75s]
  ti_cold      I_F=0.21816 e_F=0.15432 (/fl   44.6) chan=0.2987 cov=1.000 ess=1.00 [68s]
  ti_warm      I_F=0.01066 e_F=0.00582 (/fl    1.7) chan=0.0295 cov=1.000 ess=1.00 [68s]
  reti_cold    I_F=0.14482 e_F=0.04612 (/fl   13.3) chan=0.0266 cov=1.000 ess=1.00 [86s] acc=0.975
  reti_warm    I_F=0.01110 e_F=0.00589 (/fl    1.7) chan=0.0280 cov=1.000 ess=1.00 [87s] acc=0.975
  abf          I_F=0.39734 e_F=0.18966 (/fl   54.8) chan=0.0590 cov=0.656 ess=1.00 [108s]
  shus         I_F=2.52300 e_F=0.36640 (/fl  105.9) chan=0.0364 cov=0.844 ess=1.00 [88s]
  unbiased     I_F=0.68097 e_F=0.71962 (/fl  208.0) chan=0.0000 cov=0.244 ess=1.00 [107s]

paired median relative change in I_F (negative = row better than column)
arm                             ti_cold                  reti_cold                        abf
wfr              +11.0% [  +3.2, +14.8]     +63.5% [ +58.9, +72.4]     -39.5% [ -42.1, -37.2]
wfr_anneal       -12.3% [ -13.9,  -8.1]     +34.3% [ +29.6, +40.5]     -50.6% [ -52.9, -47.5]
wfr_flow         -26.4% [ -27.5, -24.1]     +13.2% [  +9.5, +16.8]     -58.5% [ -60.2, -56.5]
wfr_flow_fr      +15.1% [ +11.5, +21.6]     +74.2% [ +71.2, +83.2]     -36.2% [ -38.5, -31.3]
wfr_scaled       +33.1% [ +25.8, +39.0]    +102.1% [ +94.1,+107.5]     -27.0% [ -30.3, -21.5]
wfr_oracle       -98.3% [ -98.3, -98.3]     -97.4% [ -97.4, -97.3]     -99.0% [ -99.1, -99.0]
w_only           +16.1% [ +13.3, +21.5]     +76.5% [ +73.4, +86.4]     -35.2% [ -37.1, -32.2]
fr_only         +187.5% [+179.0,+190.9]    +334.4% [+320.7,+350.0]     +57.7% [ +53.9, +64.5]
w_count           +6.3% [  -0.2, +14.8]     +61.2% [ +49.9, +65.1]     -41.9% [ -45.5, -36.1]
w_sham           +20.9% [ +12.6, +27.8]     +89.7% [ +75.7, +97.4]     -31.9% [ -34.8, -28.4]
ti_cold           +0.0% [  +0.0,  +0.0]     +53.6% [ +50.1, +57.2]     -43.5% [ -45.6, -40.9]
ti_warm          -95.3% [ -96.2, -94.4]     -92.8% [ -94.1, -91.8]     -97.4% [ -97.8, -96.9]
reti_cold        -34.9% [ -36.4, -33.3]      +0.0% [  +0.0,  +0.0]     -63.9% [ -64.7, -62.3]
reti_warm        -95.0% [ -95.7, -94.4]     -92.5% [ -93.2, -91.4]     -97.2% [ -97.5, -96.8]
abf              +77.1% [ +69.1, +83.8]    +177.2% [+165.2,+183.2]      +0.0% [  +0.0,  +0.0]
shus          +1024.6% [+990.2,+1101.1] +1668.0% [+1551.9,+1725.0]    +533.3% [+504.2,+562.6]
unbiased        +205.9% [+193.8,+223.3]    +368.8% [+355.9,+403.8]     +76.7% [ +61.3, +86.8]
