=== omega_s = 0.25  (tau_spec ~ 16.00)  m_spec=4  floor 0.00492 ===
  ti_cold      eF=0.94834 /floor= 192.9  Dz(y1)=0.1312  Dz(S)=0.0004  (319s)
  wfr_naive    eF=0.60137 /floor= 122.3  Dz(y1)=0.2687  Dz(S)=0.0042  (388s)
  wfr_promote  eF=0.01022 /floor=   2.1  Dz(y1)=0.0002  Dz(S)=0.0017  (490s)
  wfr_learned  eF=1.15604 /floor= 235.1  Dz(y1)=0.1348  Dz(S)=0.0038  (596s)
  wfr_both     eF=0.01148 /floor=   2.3  Dz(y1)=0.0000  Dz(S)=0.0006  (493s)
  wfr_oracle   eF=0.00503 /floor=   1.0  Dz(y1)=0.0000  Dz(S)=0.0000  (462s)
=== omega_s = 0.5  (tau_spec ~ 4.00)  m_spec=4  floor 0.00492 ===
  ti_cold      eF=0.96391 /floor= 196.0  Dz(y1)=0.1342  Dz(S)=0.0001  (316s)
  wfr_naive    eF=0.60216 /floor= 122.5  Dz(y1)=0.2790  Dz(S)=0.0020  (388s)
  wfr_promote  eF=0.00879 /floor=   1.8  Dz(y1)=0.0001  Dz(S)=0.0009  (492s)
  wfr_learned  eF=0.94673 /floor= 192.5  Dz(y1)=0.1139  Dz(S)=0.0018  (590s)
  wfr_both     eF=0.00984 /floor=   2.0  Dz(y1)=0.0000  Dz(S)=0.0002  (493s)
  wfr_oracle   eF=0.00503 /floor=   1.0  Dz(y1)=0.0000  Dz(S)=0.0000  (449s)
=== omega_s = 1.0  (tau_spec ~ 1.00)  m_spec=4  floor 0.00492 ===
  ti_cold      eF=0.93643 /floor= 190.4  Dz(y1)=0.1301  Dz(S)=0.0000  (313s)
  wfr_naive    eF=0.60626 /floor= 123.3  Dz(y1)=0.2883  Dz(S)=0.0005  (386s)
  wfr_promote  eF=0.00823 /floor=   1.7  Dz(y1)=0.0001  Dz(S)=0.0003  (490s)
  wfr_learned  eF=0.89051 /floor= 181.1  Dz(y1)=0.1011  Dz(S)=0.0005  (586s)
  wfr_both     eF=0.00875 /floor=   1.8  Dz(y1)=0.0000  Dz(S)=0.0000  (370s)
  wfr_oracle   eF=0.00503 /floor=   1.0  Dz(y1)=0.0000  Dz(S)=0.0000  (327s)
=== omega_s = 2.0  (tau_spec ~ 0.25)  m_spec=4  floor 0.00492 ===
  ti_cold      eF=0.92203 /floor= 187.5  Dz(y1)=0.1289  Dz(S)=0.0000  (254s)
  wfr_naive    eF=0.60864 /floor= 123.8  Dz(y1)=0.2896  Dz(S)=0.0001  (296s)
  wfr_promote  eF=0.00821 /floor=   1.7  Dz(y1)=0.0000  Dz(S)=0.0001  (367s)
  wfr_learned  eF=0.72952 /floor= 148.4  Dz(y1)=0.0819  Dz(S)=0.0001  (427s)
  wfr_both     eF=0.00848 /floor=   1.7  Dz(y1)=0.0000  Dz(S)=0.0000  (358s)
  wfr_oracle   eF=0.00504 /floor=   1.0  Dz(y1)=0.0000  Dz(S)=0.0000  (323s)
wrote results/manifold/secondary_cv.json
