=== omega_s = 0.25  (tau_spec ~ 16.000)  m_spec=4  A=1.0 (C_S ~ 32.0 vs C_y1 ~ 35)  floor 0.00491 ===
  ti_cold      eF=1.07356 /floor= 218.6  Dz(y1)=0.1844  Dz(S)=0.0053
  wfr_naive    eF=0.67492 /floor= 137.4  Dz(y1)=0.2322  Dz(S)=0.1516
  wfr_promote  eF=0.25211 /floor=  51.3  Dz(y1)=0.0574  Dz(S)=0.2688
  wfr_both     eF=0.06240 /floor=  12.7  Dz(y1)=0.0006  Dz(S)=0.0021
  wfr_oracle   eF=0.00503 /floor=   1.0  Dz(y1)=0.0000  Dz(S)=0.0000
  (381s for all 5 arms)
=== omega_s = 1.0  (tau_spec ~ 1.000)  m_spec=4  A=1.0 (C_S ~ 32.0 vs C_y1 ~ 35)  floor 0.00491 ===
  ti_cold      eF=1.02487 /floor= 208.7  Dz(y1)=0.1509  Dz(S)=0.0000
  wfr_naive    eF=0.57336 /floor= 116.7  Dz(y1)=0.2557  Dz(S)=0.0713
  wfr_promote  eF=0.07881 /floor=  16.0  Dz(y1)=0.0282  Dz(S)=0.1030
  wfr_both     eF=0.01346 /floor=   2.7  Dz(y1)=0.0000  Dz(S)=0.0000
  wfr_oracle   eF=0.00503 /floor=   1.0  Dz(y1)=0.0000  Dz(S)=0.0000
  (377s for all 5 arms)
=== omega_s = 4.0  (tau_spec ~ 0.062)  m_spec=4  A=1.0 (C_S ~ 32.0 vs C_y1 ~ 35)  floor 0.00491 ===
  ti_cold      eF=0.95900 /floor= 195.3  Dz(y1)=0.1348  Dz(S)=0.0000
  wfr_naive    eF=0.63531 /floor= 129.4  Dz(y1)=0.2959  Dz(S)=0.0038
  wfr_promote  eF=0.01990 /floor=   4.1  Dz(y1)=0.0008  Dz(S)=0.0075
  wfr_both     eF=0.00875 /floor=   1.8  Dz(y1)=0.0000  Dz(S)=0.0000
  wfr_oracle   eF=0.00504 /floor=   1.0  Dz(y1)=0.0000  Dz(S)=0.0000
  (378s for all 5 arms)
wrote results/manifold/design_rule.json
