[E2a] MFIB a=0.6 k=0.7 {'omega': 1.0}
  z0=-1.20 dz=0.0125  cart=  0.01080|mc  0.01012|pred  0.01094  minn=  0.00727|mc  0.00707|pred  0.00736  adia=  0.00000|mc -0.00000|pred  0.00000
  z0=-1.20 dz=0.0250  cart=  0.04261|mc  0.04232|pred  0.04378  minn=  0.02874|mc  0.02815|pred  0.02945  adia=  0.00000|mc -0.00000|pred  0.00000
  z0=-1.20 dz=0.0500  cart=  0.16584|mc  0.16410|pred  0.17510  minn=  0.11211|mc  0.11217|pred  0.11780  adia=  0.00000|mc -0.00001|pred  0.00000
  z0=-1.20 dz=0.1000  cart=  0.62674|mc  0.62124|pred  0.70041  minn=  0.42575|mc  0.41955|pred  0.47121  adia=  0.00000|mc -0.00002|pred  0.00000
  z0=-1.20 dz=0.2000  cart=  2.21993|mc  2.08724|pred  2.80164  minn=  1.52283|mc  1.47305|pred  1.88486  adia=  0.00000|mc -0.00002|pred  0.00000
  z0=-1.20 dz=0.4000  cart=  6.69214|mc  4.06422|pred 11.20655  minn=  4.68451|mc  3.62564|pred  7.53943  adia=  0.00000|mc -0.00002|pred  0.00000
  z0=-0.90 dz=0.0125  cart=  0.00869|mc  0.00909|pred  0.00885  minn=  0.00571|mc  0.00577|pred  0.00581  adia=  0.00000|mc  0.00003|pred  0.00000
  z0=-0.90 dz=0.0250  cart=  0.03415|mc  0.03409|pred  0.03539  minn=  0.02246|mc  0.02289|pred  0.02324  adia=  0.00000|mc  0.00000|pred  0.00000
  z0=-0.90 dz=0.0500  cart=  0.13167|mc  0.13255|pred  0.14155  minn=  0.08675|mc  0.08670|pred  0.09296  adia=  0.00000|mc -0.00002|pred  0.00000
  z0=-0.90 dz=0.1000  cart=  0.48784|mc  0.48719|pred  0.56621  minn=  0.32235|mc  0.32180|pred  0.37183  adia=  0.00000|mc -0.00001|pred  0.00000
  z0=-0.90 dz=0.2000  cart=  1.64880|mc  1.60704|pred  2.26482  minn=  1.09458|mc  1.08492|pred  1.48730  adia=  0.00000|mc -0.00003|pred  0.00000
  z0=-0.90 dz=0.4000  cart=  4.32384|mc  3.57626|pred  9.05929  minn=  2.87398|mc  2.70537|pred  5.94921  adia=  0.00000|mc  0.00000|pred  0.00000
  z0=-0.60 dz=0.0125  cart=  0.00480|mc  0.00496|pred  0.00495  minn=  0.00313|mc  0.00297|pred  0.00323  adia=  0.00000|mc  0.00000|pred  0.00000
  z0=-0.60 dz=0.0250  cart=  0.01862|mc  0.01839|pred  0.01981  minn=  0.01210|mc  0.01214|pred  0.01293  adia=  0.00000|mc  0.00001|pred  0.00000
  z0=-0.60 dz=0.0500  cart=  0.06984|mc  0.07088|pred  0.07924  minn=  0.04516|mc  0.04534|pred  0.05172  adia=  0.00000|mc  0.00002|pred  0.00000
  z0=-0.60 dz=0.1000  cart=  0.24327|mc  0.24358|pred  0.31695  minn=  0.15538|mc  0.15596|pred  0.20688  adia=  0.00000|mc -0.00001|pred  0.00000
  z0=-0.60 dz=0.2000  cart=  0.70663|mc  0.70691|pred  1.26778  minn=  0.43595|mc  0.43718|pred  0.82753  adia=  0.00000|mc  0.00000|pred  0.00000
  z0=-0.60 dz=0.4000  cart=  1.15765|mc  1.15071|pred  5.07113  minn=  0.63049|mc  0.62641|pred  3.31013  adia=  0.00000|mc -0.00002|pred  0.00000
  z0=-0.30 dz=0.0125  cart=  0.00056|mc  0.00057|pred  0.00061  minn=  0.00025|mc  0.00022|pred  0.00028  adia=  0.00000|mc  0.00002|pred  0.00000
  z0=-0.30 dz=0.0250  cart=  0.00203|mc  0.00187|pred  0.00244  minn=  0.00090|mc  0.00089|pred  0.00111  adia=  0.00000|mc  0.00001|pred  0.00000
  z0=-0.30 dz=0.0500  cart=  0.00669|mc  0.00675|pred  0.00978  minn=  0.00294|mc  0.00289|pred  0.00442  adia=  0.00000|mc  0.00001|pred  0.00000
  z0=-0.30 dz=0.1000  cart=  0.01768|mc  0.01713|pred  0.03912  minn=  0.00869|mc  0.00832|pred  0.01769  adia=  0.00000|mc -0.00001|pred  0.00000
  z0=-0.30 dz=0.2000  cart=  0.04827|mc  0.04751|pred  0.15648  minn=  0.05598|mc  0.05601|pred  0.07076  adia=  0.00000|mc -0.00002|pred  0.00000
  z0=-0.30 dz=0.4000  cart=  5.25614|mc  4.15819|pred  0.62591  minn=  5.56613|mc  4.15840|pred  0.28306  adia=  0.00000|mc -0.00000|pred  0.00000
  z0=+0.00 dz=0.0125  cart=  0.04559|mc  0.04490|pred  0.04626  minn=  0.04643|mc  0.04506|pred  0.04710  adia=  0.00001|mc -0.00002|pred  0.00000
  z0=+0.00 dz=0.0250  cart=  0.17502|mc  0.17333|pred  0.18506  minn=  0.17837|mc  0.17414|pred  0.18841  adia=  0.00002|mc  0.00000|pred  0.00000
  z0=+0.00 dz=0.0500  cart=  0.61126|mc  0.61280|pred  0.74023  minn=  0.62464|mc  0.62230|pred  0.75366  adia= -0.00000|mc  0.00000|pred  0.00000
  z0=+0.00 dz=0.1000  cart=  1.75978|mc  1.48951|pred  2.96093  minn=  1.81272|mc  1.52368|pred  3.01463  adia=  0.00000|mc  0.00002|pred  0.00000
  z0=+0.00 dz=0.2000  cart=  4.03890|mc  1.72799|pred 11.84373  minn=  4.24164|mc  1.82117|pred 12.05851  adia=  0.00000|mc  0.00001|pred  0.00000
  z0=+0.00 dz=0.4000  cart=  7.16398|mc  1.71688|pred 47.37490  minn=  7.83067|mc  1.85997|pred 48.23404  adia=  0.00000|mc -0.00002|pred  0.00000
  z0=+0.30 dz=0.0125  cart=  0.00067|mc  0.00074|pred  0.00061  minn=  0.00031|mc  0.00027|pred  0.00028  adia=  0.00000|mc  0.00000|pred  0.00000
  z0=+0.30 dz=0.0250  cart=  0.00291|mc  0.00271|pred  0.00244  minn=  0.00136|mc  0.00121|pred  0.00111  adia=  0.00000|mc -0.00001|pred  0.00000
  z0=+0.30 dz=0.0500  cart=  0.01366|mc  0.01371|pred  0.00978  minn=  0.00660|mc  0.00635|pred  0.00442  adia=  0.00000|mc -0.00001|pred  0.00000
  z0=+0.30 dz=0.1000  cart=  0.07329|mc  0.07226|pred  0.03912  minn=  0.03784|mc  0.03752|pred  0.01769  adia=  0.00000|mc  0.00000|pred  0.00000
  z0=+0.30 dz=0.2000  cart=  0.47828|mc  0.45996|pred  0.15648  minn=  0.27395|mc  0.26115|pred  0.07076  adia=  0.00000|mc  0.00003|pred  0.00000
  z0=+0.30 dz=0.4000  cart=  3.88740|mc  2.63391|pred  0.62591  minn=  2.48861|mc  1.83958|pred  0.28306  adia=  0.00000|mc -0.00003|pred  0.00000
  z0=+0.60 dz=0.0125  cart=  0.00510|mc  0.00478|pred  0.00495  minn=  0.00334|mc  0.00348|pred  0.00323  adia=  0.00000|mc -0.00002|pred  0.00000
  z0=+0.60 dz=0.0250  cart=  0.02102|mc  0.02082|pred  0.01981  minn=  0.01377|mc  0.01359|pred  0.01293  adia=  0.00000|mc -0.00001|pred  0.00000
  z0=+0.60 dz=0.0500  cart=  0.08896|mc  0.08888|pred  0.07924  minn=  0.05849|mc  0.05766|pred  0.05172  adia=  0.00000|mc -0.00000|pred  0.00000
  z0=+0.60 dz=0.1000  cart=  0.39585|mc  0.38231|pred  0.31695  minn=  0.26164|mc  0.25420|pred  0.20688  adia=  0.00000|mc -0.00001|pred  0.00000
  z0=+0.60 dz=0.2000  cart=  1.91502|mc  1.61348|pred  1.26778  minn=  1.27357|mc  1.12059|pred  0.82753  adia=  0.00000|mc  0.00001|pred  0.00000
  z0=+0.60 dz=0.4000  cart= 10.46775|mc  3.89631|pred  5.07113  minn=  6.96751|mc  3.40915|pred  3.31013  adia=  0.00000|mc  0.00000|pred  0.00000
  z0=+0.90 dz=0.0125  cart=  0.00900|mc  0.00874|pred  0.00885  minn=  0.00591|mc  0.00571|pred  0.00581  adia=  0.00000|mc -0.00001|pred  0.00000
  z0=+0.90 dz=0.0250  cart=  0.03664|mc  0.03678|pred  0.03539  minn=  0.02402|mc  0.02349|pred  0.02324  adia=  0.00000|mc -0.00001|pred  0.00000
  z0=+0.90 dz=0.0500  cart=  0.15159|mc  0.14878|pred  0.14155  minn=  0.09921|mc  0.09912|pred  0.09296  adia=  0.00000|mc -0.00001|pred  0.00000
  z0=+0.90 dz=0.1000  cart=  0.64720|mc  0.61297|pred  0.56621  minn=  0.42198|mc  0.40714|pred  0.37183  adia=  0.00000|mc  0.00000|pred  0.00000
  z0=+0.90 dz=0.2000  cart=  2.92296|mc  2.24106|pred  2.26482  minn=  1.89097|mc  1.59091|pred  1.48730  adia=  0.00000|mc -0.00001|pred  0.00000
  z0=+0.90 dz=0.4000  cart= 14.47678|mc  4.07665|pred  9.05929  minn=  9.20856|mc  3.81025|pred  5.94921  adia=  0.00000|mc -0.00001|pred  0.00000
wrote results/manifold/lift_a_MFIB_a0.6_k0.7_om1.0.json
