[E2a] MFIB a=0.3 k=1.4 {'omega': 1.0}
  z0=-1.20 dz=0.0125  cart=  0.00977|mc  0.00915|pred  0.00983  minn=  0.00694|mc  0.00675|pred  0.00696  adia=  0.00000|mc -0.00000|pred  0.00000
  z0=-1.20 dz=0.0250  cart=  0.03878|mc  0.03859|pred  0.03934  minn=  0.02762|mc  0.02710|pred  0.02786  adia=  0.00000|mc -0.00000|pred  0.00000
  z0=-1.20 dz=0.0500  cart=  0.15266|mc  0.15128|pred  0.15736  minn=  0.10924|mc  0.10939|pred  0.11143  adia=  0.00000|mc -0.00001|pred  0.00000
  z0=-1.20 dz=0.1000  cart=  0.58824|mc  0.58572|pred  0.62942  minn=  0.42452|mc  0.41852|pred  0.44573  adia=  0.00000|mc -0.00002|pred  0.00000
  z0=-1.20 dz=0.2000  cart=  2.14369|mc  2.04535|pred  2.51769  minn=  1.56680|mc  1.50603|pred  1.78293  adia=  0.00000|mc -0.00002|pred  0.00000
  z0=-1.20 dz=0.4000  cart=  6.62314|mc  4.06937|pred 10.07077  minn=  4.90928|mc  3.65822|pred  7.13173  adia=  0.00000|mc -0.00002|pred  0.00000
  z0=-0.90 dz=0.0125  cart=  0.00873|mc  0.00913|pred  0.00891  minn=  0.00602|mc  0.00608|pred  0.00614  adia=  0.00000|mc  0.00003|pred  0.00000
  z0=-0.90 dz=0.0250  cart=  0.03418|mc  0.03413|pred  0.03564  minn=  0.02357|mc  0.02399|pred  0.02457  adia=  0.00000|mc  0.00000|pred  0.00000
  z0=-0.90 dz=0.0500  cart=  0.13080|mc  0.13174|pred  0.14255  minn=  0.09013|mc  0.09005|pred  0.09830  adia=  0.00000|mc -0.00002|pred  0.00000
  z0=-0.90 dz=0.1000  cart=  0.47425|mc  0.47356|pred  0.57018  minn=  0.32535|mc  0.32460|pred  0.39320  adia=  0.00000|mc -0.00001|pred  0.00000
  z0=-0.90 dz=0.2000  cart=  1.48943|mc  1.45267|pred  2.28073  minn=  0.99777|mc  0.98861|pred  1.57278  adia=  0.00000|mc -0.00003|pred  0.00000
  z0=-0.90 dz=0.4000  cart=  3.09901|mc  2.79743|pred  9.12291  minn=  1.86072|mc  1.81438|pred  6.29112  adia=  0.00000|mc  0.00000|pred  0.00000
  z0=-0.60 dz=0.0125  cart=  0.00122|mc  0.00129|pred  0.00131  minn=  0.00064|mc  0.00057|pred  0.00070  adia=  0.00000|mc  0.00000|pred  0.00000
  z0=-0.60 dz=0.0250  cart=  0.00456|mc  0.00450|pred  0.00523  minn=  0.00234|mc  0.00239|pred  0.00282  adia=  0.00000|mc  0.00001|pred  0.00000
  z0=-0.60 dz=0.0500  cart=  0.01583|mc  0.01648|pred  0.02091  minn=  0.00770|mc  0.00785|pred  0.01127  adia=  0.00000|mc  0.00002|pred  0.00000
  z0=-0.60 dz=0.1000  cart=  0.04716|mc  0.04736|pred  0.08364  minn=  0.02026|mc  0.02050|pred  0.04509  adia=  0.00000|mc -0.00001|pred  0.00000
  z0=-0.60 dz=0.2000  cart=  0.09752|mc  0.09747|pred  0.33455  minn=  0.03043|mc  0.03067|pred  0.18035  adia=  0.00000|mc  0.00000|pred  0.00000
  z0=-0.60 dz=0.4000  cart=  0.05924|mc  0.05773|pred  1.33818  minn=  0.04791|mc  0.04756|pred  0.72141  adia=  0.00000|mc -0.00002|pred  0.00000
  z0=-0.30 dz=0.0125  cart=  0.00009|mc  0.00009|pred  0.00007  minn=  0.00029|mc  0.00024|pred  0.00027  adia=  0.00000|mc  0.00002|pred  0.00000
  z0=-0.30 dz=0.0250  cart=  0.00040|mc  0.00037|pred  0.00030  minn=  0.00126|mc  0.00129|pred  0.00109  adia=  0.00000|mc  0.00001|pred  0.00000
  z0=-0.30 dz=0.0500  cart=  0.00207|mc  0.00211|pred  0.00119  minn=  0.00582|mc  0.00568|pred  0.00434  adia=  0.00000|mc  0.00001|pred  0.00000
  z0=-0.30 dz=0.1000  cart=  0.01363|mc  0.01312|pred  0.00476  minn=  0.03077|mc  0.03014|pred  0.01737  adia=  0.00000|mc -0.00001|pred  0.00000
  z0=-0.30 dz=0.2000  cart=  0.14558|mc  0.14455|pred  0.01903  minn=  0.22839|mc  0.22932|pred  0.06947  adia=  0.00000|mc -0.00002|pred  0.00000
  z0=-0.30 dz=0.4000  cart=  3.81495|mc  3.67473|pred  0.07610  minn=  4.21841|mc  3.91353|pred  0.27788  adia=  0.00000|mc -0.00000|pred  0.00000
  z0=+0.00 dz=0.0125  cart=  0.01823|mc  0.01823|pred  0.01833  minn=  0.01922|mc  0.01881|pred  0.01932  adia=  0.00000|mc -0.00002|pred  0.00000
  z0=+0.00 dz=0.0250  cart=  0.07174|mc  0.07259|pred  0.07330  minn=  0.07573|mc  0.07490|pred  0.07730  adia=  0.00000|mc  0.00000|pred  0.00000
  z0=+0.00 dz=0.0500  cart=  0.27052|mc  0.27221|pred  0.29322  minn=  0.28645|mc  0.28576|pred  0.30918  adia=  0.00000|mc  0.00000|pred  0.00000
  z0=+0.00 dz=0.1000  cart=  0.90202|mc  0.89068|pred  1.17286  minn=  0.96522|mc  0.95166|pred  1.23673  adia=  0.00000|mc  0.00002|pred  0.00000
  z0=+0.00 dz=0.2000  cart=  2.40358|mc  1.71800|pred  4.69145  minn=  2.64849|mc  1.86952|pred  4.94691  adia=  0.00000|mc  0.00001|pred  0.00000
  z0=+0.00 dz=0.4000  cart=  4.65905|mc  1.97642|pred 18.76578  minn=  5.51243|mc  2.32474|pred 19.78765  adia=  0.00000|mc -0.00002|pred  0.00000
  z0=+0.30 dz=0.0125  cart=  0.00006|mc  0.00010|pred  0.00007  minn=  0.00025|mc  0.00023|pred  0.00027  adia=  0.00000|mc  0.00000|pred  0.00000
  z0=+0.30 dz=0.0250  cart=  0.00022|mc  0.00020|pred  0.00030  minn=  0.00093|mc  0.00094|pred  0.00109  adia=  0.00000|mc -0.00001|pred  0.00000
  z0=+0.30 dz=0.0500  cart=  0.00064|mc  0.00050|pred  0.00119  minn=  0.00312|mc  0.00304|pred  0.00434  adia=  0.00000|mc -0.00001|pred  0.00000
  z0=+0.30 dz=0.1000  cart=  0.00150|mc  0.00110|pred  0.00476  minn=  0.00852|mc  0.00783|pred  0.01737  adia=  0.00000|mc  0.00000|pred  0.00000
  z0=+0.30 dz=0.2000  cart=  0.01194|mc  0.01108|pred  0.01903  minn=  0.01311|mc  0.01114|pred  0.06947  adia=  0.00000|mc  0.00003|pred  0.00000
  z0=+0.30 dz=0.4000  cart=  0.44708|mc  0.44461|pred  0.07610  minn=  0.17625|mc  0.17541|pred  0.27788  adia=  0.00000|mc -0.00003|pred  0.00000
  z0=+0.60 dz=0.0125  cart=  0.00140|mc  0.00127|pred  0.00131  minn=  0.00077|mc  0.00090|pred  0.00070  adia=  0.00000|mc -0.00002|pred  0.00000
  z0=+0.60 dz=0.0250  cart=  0.00598|mc  0.00600|pred  0.00523  minn=  0.00337|mc  0.00340|pred  0.00282  adia=  0.00000|mc -0.00001|pred  0.00000
  z0=+0.60 dz=0.0500  cart=  0.02726|mc  0.02765|pred  0.02091  minn=  0.01601|mc  0.01600|pred  0.01127  adia=  0.00000|mc -0.00000|pred  0.00000
  z0=+0.60 dz=0.1000  cart=  0.14027|mc  0.13978|pred  0.08364  minn=  0.08846|mc  0.08888|pred  0.04509  adia=  0.00000|mc -0.00001|pred  0.00000
  z0=+0.60 dz=0.2000  cart=  0.88395|mc  0.87582|pred  0.33455  minn=  0.61688|mc  0.61357|pred  0.18035  adia=  0.00000|mc  0.00001|pred  0.00000
  z0=+0.60 dz=0.4000  cart=  6.77615|mc  3.73351|pred  1.33818  minn=  5.14217|mc  3.13723|pred  0.72141  adia=  0.00000|mc  0.00000|pred  0.00000
  z0=+0.90 dz=0.0125  cart=  0.00909|mc  0.00883|pred  0.00891  minn=  0.00627|mc  0.00605|pred  0.00614  adia=  0.00000|mc -0.00001|pred  0.00000
  z0=+0.90 dz=0.0250  cart=  0.03707|mc  0.03726|pred  0.03564  minn=  0.02555|mc  0.02496|pred  0.02457  adia=  0.00000|mc -0.00001|pred  0.00000
  z0=+0.90 dz=0.0500  cart=  0.15391|mc  0.15141|pred  0.14255  minn=  0.10596|mc  0.10557|pred  0.09830  adia=  0.00000|mc -0.00001|pred  0.00000
  z0=+0.90 dz=0.1000  cart=  0.66000|mc  0.62720|pred  0.57018  minn=  0.45285|mc  0.43338|pred  0.39320  adia=  0.00000|mc  0.00000|pred  0.00000
  z0=+0.90 dz=0.2000  cart=  2.98490|mc  2.28303|pred  2.28073  minn=  2.02756|mc  1.65656|pred  1.57278  adia=  0.00000|mc -0.00001|pred  0.00000
  z0=+0.90 dz=0.4000  cart= 14.46257|mc  4.06375|pred  9.12291  minn=  9.51110|mc  3.80282|pred  6.29112  adia=  0.00000|mc -0.00001|pred  0.00000
wrote results/manifold/lift_a_MFIB_a0.3_k1.4_om1.0.json
