[E2a] MFIB a=0.6 k=1.4 {'omega': 1.0}
  z0=-1.20 dz=0.0125  cart=  0.01178|mc  0.01146|pred  0.01193  minn=  0.00409|mc  0.00398|pred  0.00413  adia=  0.00000|mc -0.00001|pred  0.00000
  z0=-1.20 dz=0.0250  cart=  0.04650|mc  0.04655|pred  0.04770  minn=  0.01621|mc  0.01630|pred  0.01653  adia=  0.00000|mc  0.00001|pred  0.00000
  z0=-1.20 dz=0.0500  cart=  0.18127|mc  0.17987|pred  0.19081  minn=  0.06355|mc  0.06299|pred  0.06613  adia=  0.00000|mc -0.00001|pred  0.00000
  z0=-1.20 dz=0.1000  cart=  0.68772|mc  0.68572|pred  0.76322  minn=  0.24418|mc  0.24256|pred  0.26452  adia=  0.00000|mc  0.00001|pred  0.00000
  z0=-1.20 dz=0.2000  cart=  2.46129|mc  2.30274|pred  3.05289  minn=  0.90032|mc  0.87876|pred  1.05807  adia=  0.00000|mc  0.00000|pred  0.00000
  z0=-1.20 dz=0.4000  cart=  7.68715|mc  4.13322|pred 12.21156  minn=  3.04228|mc  2.70873|pred  4.23229  adia=  0.00021|mc -0.00000|pred  0.00000
  z0=-0.90 dz=0.0125  cart=  0.01125|mc  0.01159|pred  0.01169  minn=  0.00374|mc  0.00394|pred  0.00404  adia=  0.00000|mc -0.00000|pred  0.00000
  z0=-0.90 dz=0.0250  cart=  0.04440|mc  0.04432|pred  0.04675  minn=  0.01483|mc  0.01463|pred  0.01618  adia=  0.00000|mc  0.00001|pred  0.00000
  z0=-0.90 dz=0.0500  cart=  0.17267|mc  0.17359|pred  0.18700  minn=  0.05838|mc  0.05860|pred  0.06471  adia=  0.00000|mc -0.00000|pred  0.00000
  z0=-0.90 dz=0.1000  cart=  0.65188|mc  0.64707|pred  0.74801  minn=  0.22598|mc  0.22423|pred  0.25884  adia=  0.00003|mc -0.00001|pred  0.00000
  z0=-0.90 dz=0.2000  cart=  2.30651|mc  2.17901|pred  2.99205  minn=  0.84247|mc  0.83578|pred  1.03536  adia=  0.00010|mc  0.00001|pred  0.00000
  z0=-0.90 dz=0.4000  cart=  6.92719|mc  4.10248|pred 11.96819  minn=  2.81550|mc  2.65462|pred  4.14145  adia=  0.00054|mc -0.00002|pred  0.00000
  z0=-0.60 dz=0.0125  cart=  0.00967|mc  0.00968|pred  0.00985  minn=  0.00451|mc  0.00435|pred  0.00457  adia= -0.00000|mc -0.00001|pred  0.00000
  z0=-0.60 dz=0.0250  cart=  0.03797|mc  0.03734|pred  0.03941  minn=  0.01778|mc  0.01716|pred  0.01828  adia= -0.00000|mc  0.00001|pred  0.00000
  z0=-0.60 dz=0.0500  cart=  0.14600|mc  0.14584|pred  0.15764  minn=  0.06888|mc  0.06877|pred  0.07313  adia= -0.00000|mc  0.00000|pred  0.00000
  z0=-0.60 dz=0.1000  cart=  0.53444|mc  0.53176|pred  0.63058  minn=  0.25428|mc  0.25320|pred  0.29253  adia= -0.00000|mc -0.00002|pred  0.00000
  z0=-0.60 dz=0.2000  cart=  1.69764|mc  1.64772|pred  2.52230  minn=  0.78846|mc  0.78586|pred  1.17014  adia=  0.00000|mc -0.00000|pred  0.00000
  z0=-0.60 dz=0.4000  cart=  3.51869|mc  3.08427|pred 10.08920  minn=  1.32899|mc  1.32184|pred  4.68056  adia=  0.00000|mc  0.00000|pred  0.00000
  z0=-0.30 dz=0.0125  cart=  0.00126|mc  0.00120|pred  0.00135  minn=  0.00040|mc  0.00034|pred  0.00045  adia=  0.00000|mc -0.00000|pred  0.00000
  z0=-0.30 dz=0.0250  cart=  0.00470|mc  0.00467|pred  0.00542  minn=  0.00141|mc  0.00146|pred  0.00179  adia=  0.00000|mc -0.00001|pred  0.00000
  z0=-0.30 dz=0.0500  cart=  0.01626|mc  0.01605|pred  0.02167  minn=  0.00440|mc  0.00453|pred  0.00714  adia=  0.00000|mc  0.00000|pred  0.00000
  z0=-0.30 dz=0.1000  cart=  0.04824|mc  0.04759|pred  0.08669  minn=  0.01054|mc  0.01033|pred  0.02857  adia= -0.00000|mc  0.00001|pred  0.00000
  z0=-0.30 dz=0.2000  cart=  0.10272|mc  0.09471|pred  0.34675  minn=  0.01957|mc  0.01749|pred  0.11428  adia=  0.03162|mc -0.00001|pred  0.00000
  z0=-0.30 dz=0.4000  cart=  6.06561|mc  4.15880|pred  1.38701  minn=  6.12883|mc  4.15880|pred  0.45711  adia=210.26073|mc -0.00000|pred  0.00000
  z0=+0.00 dz=0.0125  cart=  0.07094|mc  0.06716|pred  0.07266  minn=  0.07135|mc  0.06853|pred  0.07308  adia=  1.95041|mc  0.00002|pred  0.00000
  z0=+0.00 dz=0.0250  cart=  0.26576|mc  0.25371|pred  0.29065  minn=  0.26743|mc  0.25488|pred  0.29232  adia=  3.67487|mc  0.00001|pred  0.00000
  z0=+0.00 dz=0.0500  cart=  0.87291|mc  0.86666|pred  1.16258  minn=  0.87954|mc  0.87288|pred  1.16928  adia=  8.08112|mc -0.00001|pred  0.00000
  z0=+0.00 dz=0.1000  cart=  2.31439|mc  1.43299|pred  4.65033  minn=  2.34010|mc  1.45737|pred  4.67711  adia= 12.56774|mc -0.00001|pred  0.00000
  z0=+0.00 dz=0.2000  cart=  5.05808|mc  1.43506|pred 18.60131  minn=  5.14805|mc  1.50667|pred 18.70844  adia= 31.72130|mc  0.00003|pred  0.00000
  z0=+0.00 dz=0.4000  cart=  9.09467|mc  1.62249|pred 74.40522  minn=  9.24646|mc  1.51324|pred 74.83374  adia=102.98458|mc -0.00002|pred  0.00000
  z0=+0.30 dz=0.0125  cart=  0.00145|mc  0.00146|pred  0.00135  minn=  0.00050|mc  0.00045|pred  0.00045  adia= -0.00000|mc -0.00001|pred  0.00000
  z0=+0.30 dz=0.0250  cart=  0.00623|mc  0.00603|pred  0.00542  minn=  0.00225|mc  0.00217|pred  0.00179  adia= -0.00000|mc  0.00002|pred  0.00000
  z0=+0.30 dz=0.0500  cart=  0.02863|mc  0.02876|pred  0.02167  minn=  0.01119|mc  0.01095|pred  0.00714  adia= -0.00000|mc -0.00001|pred  0.00000
  z0=+0.30 dz=0.1000  cart=  0.14984|mc  0.14866|pred  0.08669  minn=  0.06745|mc  0.06719|pred  0.02857  adia= -0.00000|mc -0.00000|pred  0.00000
  z0=+0.30 dz=0.2000  cart=  0.97792|mc  0.96905|pred  0.34675  minn=  0.53450|mc  0.53324|pred  0.11428  adia= -0.00000|mc  0.00001|pred  0.00000
  z0=+0.30 dz=0.4000  cart=  7.63166|mc  3.86421|pred  1.38701  minn=  4.72726|mc  2.73665|pred  0.45711  adia= -0.00000|mc  0.00000|pred  0.00000
  z0=+0.60 dz=0.0125  cart=  0.01003|mc  0.01007|pred  0.00985  minn=  0.00463|mc  0.00456|pred  0.00457  adia=  0.00000|mc  0.00002|pred  0.00000
  z0=+0.60 dz=0.0250  cart=  0.04083|mc  0.04056|pred  0.03941  minn=  0.01875|mc  0.01787|pred  0.01828  adia=  0.00000|mc  0.00000|pred  0.00000
  z0=+0.60 dz=0.0500  cart=  0.16894|mc  0.16530|pred  0.15764  minn=  0.07674|mc  0.07516|pred  0.07313  adia=  0.00000|mc  0.00002|pred  0.00000
  z0=+0.60 dz=0.1000  cart=  0.72065|mc  0.68116|pred  0.63058  minn=  0.31982|mc  0.30201|pred  0.29253  adia=  0.00000|mc -0.00001|pred  0.00000
  z0=+0.60 dz=0.2000  cart=  3.24424|mc  2.40983|pred  2.52230  minn=  1.37078|mc  1.12833|pred  1.17014  adia=  0.00004|mc  0.00001|pred  0.00000
  z0=+0.60 dz=0.4000  cart= 15.97435|mc  4.09659|pred 10.08920  minn=  6.10276|mc  3.04436|pred  4.68056  adia=  0.00036|mc -0.00001|pred  0.00000
  z0=+0.90 dz=0.0125  cart=  0.01157|mc  0.01126|pred  0.01169  minn=  0.00380|mc  0.00368|pred  0.00404  adia=  0.00000|mc -0.00000|pred  0.00000
  z0=+0.90 dz=0.0250  cart=  0.04690|mc  0.04686|pred  0.04675  minn=  0.01530|mc  0.01500|pred  0.01618  adia=  0.00000|mc -0.00001|pred  0.00000
  z0=+0.90 dz=0.0500  cart=  0.19266|mc  0.18922|pred  0.18700  minn=  0.06216|mc  0.06177|pred  0.06471  adia=  0.00000|mc  0.00001|pred  0.00000
  z0=+0.90 dz=0.1000  cart=  0.81191|mc  0.76221|pred  0.74801  minn=  0.25625|mc  0.25025|pred  0.25884  adia=  0.00000|mc -0.00001|pred  0.00000
  z0=+0.90 dz=0.2000  cart=  3.58783|mc  2.56502|pred  2.99205  minn=  1.08710|mc  0.97807|pred  1.03536  adia=  0.00000|mc -0.00002|pred  0.00000
  z0=+0.90 dz=0.4000  cart= 17.23252|mc  4.11327|pred 11.96819  minn=  4.87139|mc  3.03000|pred  4.14145  adia=  0.00000|mc -0.00000|pred  0.00000
wrote results/manifold/lift_a_MFIB_a0.6_k1.4_om1.0.json
