[E2a] MFIB a=0.6 k=1.4 {'omega': 1.0}
  z0=-1.20 dz=0.0125  cart=  0.01178|mc  0.01108|pred  0.01193  minn=  0.00409|mc  0.00393|pred  0.00413  adia=  0.00000|mc -0.00000|pred  0.00000
  z0=-1.20 dz=0.0250  cart=  0.04650|mc  0.04623|pred  0.04770  minn=  0.01621|mc  0.01578|pred  0.01653  adia=  0.00001|mc -0.00000|pred  0.00000
  z0=-1.20 dz=0.0500  cart=  0.18127|mc  0.17943|pred  0.19081  minn=  0.06355|mc  0.06365|pred  0.06613  adia=  0.00000|mc -0.00001|pred  0.00000
  z0=-1.20 dz=0.1000  cart=  0.68772|mc  0.68214|pred  0.76322  minn=  0.24418|mc  0.23988|pred  0.26452  adia=  0.00000|mc -0.00002|pred  0.00000
  z0=-1.20 dz=0.2000  cart=  2.46129|mc  2.29877|pred  3.05289  minn=  0.90032|mc  0.88236|pred  1.05807  adia=  0.00000|mc -0.00002|pred  0.00000
  z0=-1.20 dz=0.4000  cart=  7.68715|mc  4.13350|pred 12.21156  minn=  3.04228|mc  2.71384|pred  4.23229  adia=  0.00000|mc -0.00002|pred  0.00000
  z0=-0.90 dz=0.0125  cart=  0.01125|mc  0.01172|pred  0.01203  minn=  0.00374|mc  0.00381|pred  0.00439  adia=  0.00001|mc  0.00003|pred  0.00000
  z0=-0.90 dz=0.0250  cart=  0.04440|mc  0.04431|pred  0.04812  minn=  0.01483|mc  0.01519|pred  0.01754  adia=  0.00001|mc  0.00000|pred  0.00000
  z0=-0.90 dz=0.0500  cart=  0.17267|mc  0.17356|pred  0.19247  minn=  0.05838|mc  0.05832|pred  0.07017  adia=  0.00000|mc -0.00002|pred  0.00000
  z0=-0.90 dz=0.1000  cart=  0.65188|mc  0.64941|pred  0.76986  minn=  0.22598|mc  0.22569|pred  0.28069  adia=  0.00000|mc -0.00001|pred  0.00000
  z0=-0.90 dz=0.2000  cart=  2.30651|mc  2.18240|pred  3.07945  minn=  0.84247|mc  0.83829|pred  1.12277  adia=  0.00000|mc -0.00003|pred  0.00000
  z0=-0.90 dz=0.4000  cart=  6.92719|mc  4.10421|pred 12.31781  minn=  2.81550|mc  2.65459|pred  4.49106  adia=  0.00000|mc  0.00000|pred  0.00000
  z0=-0.60 dz=0.0125  cart=  0.00967|mc  0.00990|pred  0.00985  minn=  0.00451|mc  0.00434|pred  0.00457  adia=  0.00000|mc  0.00000|pred  0.00000
  z0=-0.60 dz=0.0250  cart=  0.03797|mc  0.03758|pred  0.03941  minn=  0.01778|mc  0.01781|pred  0.01828  adia=  0.00000|mc  0.00001|pred  0.00000
  z0=-0.60 dz=0.0500  cart=  0.14600|mc  0.14732|pred  0.15764  minn=  0.06888|mc  0.06910|pred  0.07313  adia=  0.00000|mc  0.00002|pred  0.00000
  z0=-0.60 dz=0.1000  cart=  0.53444|mc  0.53255|pred  0.63058  minn=  0.25428|mc  0.25482|pred  0.29254  adia=  0.00000|mc -0.00001|pred  0.00000
  z0=-0.60 dz=0.2000  cart=  1.69764|mc  1.64871|pred  2.52231  minn=  0.78846|mc  0.78846|pred  1.17014  adia=  0.00000|mc  0.00000|pred  0.00000
  z0=-0.60 dz=0.4000  cart=  3.51869|mc  3.08262|pred 10.08923  minn=  1.32899|mc  1.32469|pred  4.68057  adia=  0.00000|mc -0.00002|pred  0.00000
  z0=-0.30 dz=0.0125  cart=  0.00126|mc  0.00125|pred  0.00135  minn=  0.00040|mc  0.00040|pred  0.00045  adia=  0.00000|mc  0.00002|pred  0.00000
  z0=-0.30 dz=0.0250  cart=  0.00470|mc  0.00458|pred  0.00542  minn=  0.00141|mc  0.00139|pred  0.00179  adia=  0.00000|mc  0.00001|pred  0.00000
  z0=-0.30 dz=0.0500  cart=  0.01626|mc  0.01596|pred  0.02167  minn=  0.00440|mc  0.00450|pred  0.00714  adia=  0.00000|mc  0.00001|pred  0.00000
  z0=-0.30 dz=0.1000  cart=  0.04824|mc  0.04803|pred  0.08669  minn=  0.01054|mc  0.01061|pred  0.02857  adia=  0.00000|mc -0.00001|pred  0.00000
  z0=-0.30 dz=0.2000  cart=  0.10272|mc  0.09713|pred  0.34675  minn=  0.01957|mc  0.01781|pred  0.11428  adia= -0.00001|mc -0.00002|pred  0.00000
  z0=-0.30 dz=0.4000  cart=  6.06561|mc  4.15880|pred  1.38701  minn=  6.12883|mc  4.15880|pred  0.45711  adia= -0.00001|mc -0.00000|pred  0.00000
  z0=+0.00 dz=0.0125  cart=  0.07094|mc  0.06822|pred  0.07288  minn=  0.07135|mc  0.06796|pred  0.07330  adia= -0.00068|mc -0.00002|pred  0.00000
  z0=+0.00 dz=0.0250  cart=  0.26576|mc  0.25661|pred  0.29152  minn=  0.26743|mc  0.25674|pred  0.29319  adia= -0.00037|mc  0.00000|pred  0.00000
  z0=+0.00 dz=0.0500  cart=  0.87291|mc  0.86845|pred  1.16607  minn=  0.87954|mc  0.87152|pred  1.17277  adia= -0.00032|mc  0.00000|pred  0.00000
  z0=+0.00 dz=0.1000  cart=  2.31439|mc  1.42385|pred  4.66428  minn=  2.34010|mc  1.45833|pred  4.69109  adia= -0.00001|mc  0.00002|pred  0.00000
  z0=+0.00 dz=0.2000  cart=  5.05808|mc  1.43445|pred 18.65713  minn=  5.14805|mc  1.50431|pred 18.76437  adia=  0.00000|mc  0.00001|pred  0.00000
  z0=+0.00 dz=0.4000  cart=  9.09467|mc  1.62443|pred 74.62851  minn=  9.24646|mc  1.51295|pred 75.05749  adia=  0.00000|mc -0.00002|pred  0.00000
  z0=+0.30 dz=0.0125  cart=  0.00145|mc  0.00157|pred  0.00135  minn=  0.00050|mc  0.00048|pred  0.00045  adia=  0.00000|mc  0.00000|pred  0.00000
  z0=+0.30 dz=0.0250  cart=  0.00623|mc  0.00594|pred  0.00542  minn=  0.00225|mc  0.00210|pred  0.00179  adia=  0.00000|mc -0.00001|pred  0.00000
  z0=+0.30 dz=0.0500  cart=  0.02863|mc  0.02878|pred  0.02167  minn=  0.01119|mc  0.01092|pred  0.00714  adia=  0.00000|mc -0.00001|pred  0.00000
  z0=+0.30 dz=0.1000  cart=  0.14984|mc  0.14920|pred  0.08669  minn=  0.06745|mc  0.06789|pred  0.02857  adia=  0.00000|mc  0.00000|pred  0.00000
  z0=+0.30 dz=0.2000  cart=  0.97792|mc  0.96913|pred  0.34675  minn=  0.53450|mc  0.52934|pred  0.11428  adia=  0.00000|mc  0.00003|pred  0.00000
  z0=+0.30 dz=0.4000  cart=  7.63166|mc  3.86338|pred  1.38701  minn=  4.72726|mc  2.73586|pred  0.45711  adia=  0.00000|mc -0.00003|pred  0.00000
  z0=+0.60 dz=0.0125  cart=  0.01003|mc  0.00953|pred  0.00985  minn=  0.00463|mc  0.00470|pred  0.00457  adia=  0.00000|mc -0.00002|pred  0.00000
  z0=+0.60 dz=0.0250  cart=  0.04083|mc  0.04035|pred  0.03941  minn=  0.01875|mc  0.01825|pred  0.01828  adia=  0.00000|mc -0.00001|pred  0.00000
  z0=+0.60 dz=0.0500  cart=  0.16894|mc  0.16759|pred  0.15764  minn=  0.07674|mc  0.07468|pred  0.07313  adia=  0.00000|mc -0.00000|pred  0.00000
  z0=+0.60 dz=0.1000  cart=  0.72065|mc  0.68155|pred  0.63058  minn=  0.31982|mc  0.30054|pred  0.29254  adia=  0.00000|mc -0.00001|pred  0.00000
  z0=+0.60 dz=0.2000  cart=  3.24424|mc  2.40062|pred  2.52231  minn=  1.37078|mc  1.12499|pred  1.17014  adia=  0.00000|mc  0.00001|pred  0.00000
  z0=+0.60 dz=0.4000  cart= 15.97435|mc  4.09734|pred 10.08923  minn=  6.10276|mc  3.04342|pred  4.68057  adia=  0.00000|mc  0.00000|pred  0.00000
  z0=+0.90 dz=0.0125  cart=  0.01157|mc  0.01122|pred  0.01203  minn=  0.00380|mc  0.00361|pred  0.00439  adia=  0.00001|mc -0.00001|pred  0.00000
  z0=+0.90 dz=0.0250  cart=  0.04690|mc  0.04686|pred  0.04812  minn=  0.01530|mc  0.01486|pred  0.01754  adia=  0.00001|mc -0.00001|pred  0.00000
  z0=+0.90 dz=0.0500  cart=  0.19266|mc  0.18859|pred  0.19247  minn=  0.06216|mc  0.06234|pred  0.07017  adia=  0.00000|mc -0.00001|pred  0.00000
  z0=+0.90 dz=0.1000  cart=  0.81191|mc  0.75888|pred  0.76986  minn=  0.25625|mc  0.24930|pred  0.28069  adia=  0.00000|mc  0.00000|pred  0.00000
  z0=+0.90 dz=0.2000  cart=  3.58783|mc  2.56294|pred  3.07945  minn=  1.08710|mc  0.97930|pred  1.12277  adia=  0.00000|mc -0.00001|pred  0.00000
  z0=+0.90 dz=0.4000  cart= 17.23252|mc  4.11250|pred 12.31781  minn=  4.87139|mc  3.02861|pred  4.49106  adia=  0.00000|mc -0.00001|pred  0.00000
wrote results/manifold/lift_a_MFIB_a0.6_k1.4_om1.0.json
