om=1.00 v=0.000  cart: D=-0.00001 pred=0.00000  minn: D=0.00000 pred=0.00000  adia: D=0.00001 pred=0.00000
om=1.00 v=0.050  cart: D=0.45241 pred=13.79272  minn: D=0.46986 pred=13.97541  adia: D=0.00002 pred=0.00000
om=1.00 v=0.100  cart: D=0.74255 pred=55.17087  minn: D=0.77674 pred=55.90164  adia: D=0.00001 pred=0.00000
om=1.00 v=0.200  cart: D=1.14779 pred=220.68349  minn: D=1.20646 pred=223.60655  adia: D=0.00002 pred=0.00000
om=1.00 v=0.400  cart: D=1.67941 pred=882.73394  minn: D=1.72527 pred=894.42619  adia: D=-0.00002 pred=0.00000
om=1.40 v=0.000  cart: D=-0.00001 pred=0.00000  minn: D=-0.00001 pred=0.00000  adia: D=0.00001 pred=0.00000
om=1.40 v=0.050  cart: D=0.05383 pred=0.07249  minn: D=0.06196 pred=0.08166  adia: D=0.00002 pred=0.00000
om=1.40 v=0.100  cart: D=0.16090 pred=0.28996  minn: D=0.18857 pred=0.32665  adia: D=0.00000 pred=0.00000
om=1.40 v=0.200  cart: D=0.40872 pred=1.15986  minn: D=0.48269 pred=1.30659  adia: D=-0.00000 pred=0.00000
om=1.40 v=0.400  cart: D=0.84153 pred=4.63943  minn: D=1.01074 pred=5.22638  adia: D=-0.00000 pred=0.00000
om=2.00 v=0.000  cart: D=0.00001 pred=0.00000  minn: D=-0.00000 pred=0.00000  adia: D=0.00001 pred=0.00000
om=2.00 v=0.050  cart: D=0.00275 pred=0.00277  minn: D=0.00431 pred=0.00433  adia: D=0.00002 pred=0.00000
om=2.00 v=0.100  cart: D=0.01090 pred=0.01109  minn: D=0.01702 pred=0.01731  adia: D=0.00001 pred=0.00000
om=2.00 v=0.200  cart: D=0.04070 pred=0.04434  minn: D=0.06415 pred=0.06924  adia: D=0.00002 pred=0.00000
om=2.00 v=0.400  cart: D=0.13920 pred=0.17738  minn: D=0.22811 pred=0.27695  adia: D=-0.00003 pred=0.00000
om=2.80 v=0.000  cart: D=0.00001 pred=0.00000  minn: D=0.00001 pred=0.00000  adia: D=0.00001 pred=0.00000
om=2.80 v=0.050  cart: D=0.00026 pred=0.00025  minn: D=0.00069 pred=0.00069  adia: D=-0.00000 pred=0.00000
om=2.80 v=0.100  cart: D=0.00108 pred=0.00100  minn: D=0.00276 pred=0.00278  adia: D=-0.00001 pred=0.00000
om=2.80 v=0.200  cart: D=0.00386 pred=0.00399  minn: D=0.01079 pred=0.01111  adia: D=-0.00002 pred=0.00000
om=2.80 v=0.400  cart: D=0.01544 pred=0.01594  minn: D=0.04325 pred=0.04443  adia: D=0.00002 pred=0.00000
wrote results/manifold/timescale.json
