=== E4 CHANNEL a=0.6 k=1.4  N=256 steps=100000 seeds=16 n_eq=0  floor=0.00458 ===
  ti_cold      eF=0.65007 [0.60603,0.68132] /floor=142.0  D_cond=0.0283 (175s)
  ti_warm      eF=0.03552 [0.01079,0.07642] /floor=  7.8  D_cond=0.0017 (169s)
  fr_only      eF=0.26258 [0.25595,0.28660] /floor= 57.4  D_cond=0.1653 (255s)
  wfr_cart     eF=0.64454 [0.63420,0.65891] /floor=140.8  D_cond=0.3500 (274s)
  wfr_minnorm  eF=0.61574 [0.61120,0.62846] /floor=134.5  D_cond=0.3454 (296s)
  wfr_adiab    eF=0.00881 [0.00694,0.00998] /floor=  1.9  D_cond=-0.0002 (482s)
  wfr_oracle   eF=0.00458 [0.00455,0.00464] /floor=  1.0  D_cond=-0.0015 (321s)
wrote results/manifold/arms/CHANNEL_a0.6_k1.4_nc5_neq0.json
=== E4 CHANNEL a=0.0 k=1.4  N=256 steps=100000 seeds=16 n_eq=0  floor=0.00349 ===
  ti_cold      eF=0.15692 [0.14877,0.16221] /floor= 45.0  D_cond=0.5967 cover=1.00 (212s)
  ti_warm      eF=0.00586 [0.00520,0.00687] /floor=  1.7  D_cond=-0.0003 cover=1.00 (183s)
  fr_only      eF=0.13876 [0.10237,0.15869] /floor= 39.8  D_cond=0.2687 cover=1.00 (245s)
  wfr_cart     eF=0.25614 [0.25036,0.26983] /floor= 73.4  D_cond=0.8509 cover=1.00 (227s)
  wfr_minnorm  eF=0.25614 [0.25036,0.26983] /floor= 73.4  D_cond=0.8509 cover=1.00 (271s)
  wfr_fit      eF=0.30081 [0.28129,0.33350] /floor= 86.2  D_cond=0.9427 cover=1.00 (462s)
  wfr_fit_decay eF=0.09655 [0.09086,0.10773] /floor= 27.7  D_cond=0.5523 cover=1.00 (436s)
  wfr_adiab    eF=0.01405 [0.01006,0.01984] /floor=  4.0  D_cond=0.0007 cover=1.00 (332s)
  wfr_oracle   eF=0.00363 [0.00356,0.00390] /floor=  1.0  D_cond=-0.0015 cover=1.00 (282s)
wrote results/manifold/arms/CHANNEL_a0.0_k1.4_nc5_neq0.json
=== E4 CHANNEL a=0.6 k=1.4  N=256 steps=100000 seeds=16 n_eq=0  floor=0.00458 ===
  ti_cold      eF=0.65007 [0.60603,0.68132] /floor=142.0  D_pool=0.0283 D_z=0.0782 cover=1.00 (170s)
  wfr_cart     eF=0.95554 [0.95214,0.95748] /floor=208.7  D_pool=0.9491 D_z=1.2704 cover=1.00 (190s)
  wfr_minnorm  eF=0.89317 [0.89002,0.89596] /floor=195.1  D_pool=0.8660 D_z=1.1888 cover=1.00 (195s)
  wfr_adiab    eF=0.00756 [0.00738,0.00934] /floor=  1.7  D_pool=0.0004 D_z=0.0000 cover=1.00 (223s)
wrote results/manifold/arms/CHANNEL_a0.6_k1.4_nc20_neq0.json
=== E4 CHANNEL a=0.6 k=1.4  N=256 steps=100000 seeds=16 n_eq=5  floor=0.00458 ===
  ti_cold      eF=0.65006 [0.60602,0.68130] /floor=142.0  D_pool=0.0283 D_z=0.0782 cover=1.00 (157s)
  wfr_cart     eF=0.95102 [0.94770,0.95308] /floor=207.7  D_pool=0.9491 D_z=1.2704 cover=1.00 (175s)
  wfr_minnorm  eF=0.89099 [0.88780,0.89381] /floor=194.6  D_pool=0.8660 D_z=1.1888 cover=1.00 (167s)
  wfr_adiab    eF=0.00759 [0.00743,0.00936] /floor=  1.7  D_pool=0.0004 D_z=0.0000 cover=1.00 (189s)
wrote results/manifold/arms/CHANNEL_a0.6_k1.4_nc20_neq5.json
=== E4 CHANNEL a=0.6 k=1.4  N=256 steps=100000 seeds=16 n_eq=10  floor=0.00458 ===
  ti_cold      eF=0.65001 [0.60600,0.68126] /floor=142.0  D_pool=0.0283 D_z=0.0782 cover=1.00 (127s)
  wfr_cart     eF=0.94677 [0.94349,0.94894] /floor=206.8  D_pool=0.9491 D_z=1.2704 cover=1.00 (156s)
  wfr_minnorm  eF=0.88892 [0.88575,0.89179] /floor=194.2  D_pool=0.8660 D_z=1.1888 cover=1.00 (154s)
  wfr_adiab    eF=0.00758 [0.00746,0.00936] /floor=  1.7  D_pool=0.0004 D_z=0.0000 cover=1.00 (171s)
wrote results/manifold/arms/CHANNEL_a0.6_k1.4_nc20_neq10.json
=== E4 CHANNEL a=0.6 k=1.4  N=256 steps=100000 seeds=16 n_eq=15  floor=0.00458 ===
  ti_cold      eF=0.64995 [0.60594,0.68124] /floor=142.0  D_pool=0.0283 D_z=0.0782 cover=1.00 (105s)
  wfr_cart     eF=0.94272 [0.93956,0.94501] /floor=205.9  D_pool=0.9491 D_z=1.2704 cover=1.00 (126s)
  wfr_minnorm  eF=0.88700 [0.88377,0.88986] /floor=193.8  D_pool=0.8660 D_z=1.1888 cover=1.00 (127s)
  wfr_adiab    eF=0.00755 [0.00746,0.00937] /floor=  1.6  D_pool=0.0004 D_z=0.0000 cover=1.00 (145s)
wrote results/manifold/arms/CHANNEL_a0.6_k1.4_nc20_neq15.json
=== E4 CHANNEL a=0.6 k=1.4  N=256 steps=100000 seeds=16 n_eq=19  floor=0.00458 ===
  ti_cold      eF=0.64997 [0.60594,0.68125] /floor=142.0  D_pool=0.0283 D_z=0.0782 cover=1.00 (89s)
  wfr_cart     eF=0.93961 [0.93663,0.94211] /floor=205.3  D_pool=0.9491 D_z=1.2704 cover=1.00 (107s)
  wfr_minnorm  eF=0.88545 [0.88229,0.88839] /floor=193.4  D_pool=0.8660 D_z=1.1888 cover=1.00 (116s)
  wfr_adiab    eF=0.00755 [0.00744,0.00940] /floor=  1.6  D_pool=0.0004 D_z=0.0000 cover=1.00 (130s)
wrote results/manifold/arms/CHANNEL_a0.6_k1.4_nc20_neq19.json
