=== E4 CHANNEL a=0.6 k=1.4  N=256 steps=100000 seeds=16 n_eq=0  floor=0.00458 ===
  wfr_cart     eF=0.26338 [0.25367,0.28397] /floor= 57.5  D_pool=0.1444 D_z=0.1888 cover=1.00 (214s)
  wfr_minnorm  eF=0.25749 [0.25043,0.27163] /floor= 56.2  D_pool=0.1298 D_z=0.1854 cover=1.00 (217s)
  wfr_adiab    eF=0.01244 [0.01051,0.01514] /floor=  2.7  D_pool=0.0010 D_z=0.0000 cover=1.00 (271s)
wrote results/manifold/arms/CHANNEL_a0.6_k1.4_nc5_neq0_kap0.25.json
=== E4 CHANNEL a=0.6 k=1.4  N=256 steps=100000 seeds=16 n_eq=0  floor=0.00458 ===
  wfr_cart     eF=0.27124 [0.24548,0.28608] /floor= 59.3  D_pool=0.1284 D_z=0.1915 cover=1.00 (207s)
  wfr_minnorm  eF=0.27124 [0.24766,0.28272] /floor= 59.3  D_pool=0.1240 D_z=0.1888 cover=1.00 (209s)
  wfr_adiab    eF=0.01241 [0.01054,0.01442] /floor=  2.7  D_pool=0.0005 D_z=0.0000 cover=1.00 (259s)
wrote results/manifold/arms/CHANNEL_a0.6_k1.4_nc5_neq0_kap0.5.json
=== E4 CHANNEL a=0.6 k=1.4  N=256 steps=100000 seeds=16 n_eq=0  floor=0.00458 ===
  wfr_cart     eF=0.35403 [0.33331,0.37044] /floor= 77.3  D_pool=0.1636 D_z=0.2269 cover=1.00 (214s)
  wfr_minnorm  eF=0.33595 [0.33067,0.36046] /floor= 73.4  D_pool=0.1729 D_z=0.2262 cover=1.00 (218s)
  wfr_adiab    eF=0.01076 [0.00859,0.01198] /floor=  2.4  D_pool=0.0012 D_z=0.0000 cover=1.00 (270s)
wrote results/manifold/arms/CHANNEL_a0.6_k1.4_nc5_neq0_kap1.0.json
=== E4 CHANNEL a=0.6 k=1.4  N=256 steps=100000 seeds=16 n_eq=0  floor=0.00458 ===
  wfr_cart     eF=0.64454 [0.63420,0.65891] /floor=140.8  D_pool=0.3500 D_z=0.4905 cover=1.00 (207s)
  wfr_minnorm  eF=0.61574 [0.61120,0.62846] /floor=134.5  D_pool=0.3454 D_z=0.4712 cover=1.00 (208s)
  wfr_adiab    eF=0.00881 [0.00694,0.00998] /floor=  1.9  D_pool=-0.0002 D_z=0.0000 cover=1.00 (259s)
wrote results/manifold/arms/CHANNEL_a0.6_k1.4_nc5_neq0_kap2.0.json
=== E4 CHANNEL a=0.6 k=1.4  N=256 steps=100000 seeds=16 n_eq=0  floor=0.00458 ===
  wfr_cart     eF=0.95036 [0.94801,0.95514] /floor=207.6  D_pool=0.7431 D_z=1.1654 cover=1.00 (211s)
  wfr_minnorm  eF=0.88297 [0.87990,0.88810] /floor=192.9  D_pool=0.6652 D_z=1.0612 cover=1.00 (213s)
  wfr_adiab    eF=0.00694 [0.00637,0.00778] /floor=  1.5  D_pool=0.0029 D_z=0.0000 cover=1.00 (257s)
wrote results/manifold/arms/CHANNEL_a0.6_k1.4_nc5_neq0_kap4.0.json
=== E4 CHANNEL a=0.6 k=1.4  N=256 steps=100000 seeds=16 n_eq=0  floor=0.00458 ===
  wfr_cart     eF=1.16727 [1.16456,1.16996] /floor=255.0  D_pool=1.1424 D_z=1.6371 cover=1.00 (206s)
  wfr_minnorm  eF=1.04286 [1.04015,1.04521] /floor=227.8  D_pool=1.0821 D_z=1.6028 cover=1.00 (208s)
  wfr_adiab    eF=0.00669 [0.00602,0.00755] /floor=  1.5  D_pool=0.0045 D_z=0.0000 cover=1.00 (261s)
wrote results/manifold/arms/CHANNEL_a0.6_k1.4_nc5_neq0_kap8.0.json
