{
 "system": "HEP",
 "tau_steps": [
  96703.10165610495,
  94139.84670985416,
  84691.06332250201
 ],
 "p_final": [
  0.325592041015625,
  0.265045166015625,
  0.316314697265625
 ],
 "z": 0.0
}
{
 "system": "HEP",
 "S": [
  0.07641271207797343,
  0.002888093770572617,
  0.0024096265971125744
 ],
 "tau": [
  96703.10165610495,
  94139.84670985416,
  84691.06332250201
 ],
 "damage": [
  714572702.9295919,
  25595184.436899036,
  17283230.39747161
 ],
 "ranking": [
  1,
  2,
  3
 ]
}
[1/5] wfr_rot hep
HEP_wfr_rot_hep: e_F=0.0446 e_Fprod=0.0446 I_F=0.0569 dcond=0.1809 cov=1.000 fe=5.37e+07 wall=365s
[2/5] wfr_ymh hep_p1
HEP_wfr_ymh_hep_p1: e_F=0.0167 e_Fprod=0.0167 I_F=0.0266 dcond=0.0062 cov=1.000 fe=5.89e+07 wall=425s
[3/5] wfr_ymh hep_p2
HEP_wfr_ymh_hep_p2: e_F=0.0348 e_Fprod=0.0348 I_F=0.0467 dcond=0.1880 cov=1.000 fe=5.89e+07 wall=422s
[4/5] wfr_ymh hep_p3
HEP_wfr_ymh_hep_p3: e_F=0.0445 e_Fprod=0.0445 I_F=0.0611 dcond=0.1882 cov=1.000 fe=5.89e+07 wall=392s
[5/5] ti_cold hep
HEP_ti_cold_hep: e_F=0.0482 e_Fprod=0.0482 I_F=0.0666 dcond=0.1648 cov=1.000 fe=5.37e+07 wall=261s
ALL_DONE 1870s
HEP_DONE
