[1/2] wfr_lmh swsnap50000
ALA_wfr_lmh_swsnap50000: e_F=0.5740 e_Fprod=0.5719 I_F=0.6689 dcond=0.3464 cov=1.000 fe=2.16e+08 wall=1174s
[2/2] wfr_lmh swsnap200000
ALA_wfr_lmh_swsnap200000: e_F=0.5558 e_Fprod=0.5791 I_F=0.6445 dcond=0.3628 cov=1.000 fe=2.2e+08 wall=1213s
ALL_DONE 2389s
ALASWITCH_DONE
[1/6] opes screen_g0.3
PEN_opes_screen_g0.3: e_F=0.2101 e_Fprod=0.2101 I_F=0.2440 dcond=0.0507 cov=1.000 fe=2.56e+07 wall=133s
[2/6] opes screen_g1.0
PEN_opes_screen_g1.0: e_F=0.2168 e_Fprod=0.2168 I_F=0.2610 dcond=0.0473 cov=1.000 fe=2.56e+07 wall=125s
[3/6] opes screen_g3.0
PEN_opes_screen_g3.0: e_F=0.2101 e_Fprod=0.2101 I_F=0.2640 dcond=0.0507 cov=1.000 fe=2.56e+07 wall=127s
[4/6] opes screen_g0.3
ALA_opes_screen_g0.3: e_F=8.6848 e_Fprod=8.6848 I_F=8.4358 dcond=0.8248 cov=0.956 fe=2.56e+07 wall=133s
[5/6] opes screen_g1.0
ALA_opes_screen_g1.0: e_F=8.4256 e_Fprod=8.4256 I_F=9.7343 dcond=0.7767 cov=0.911 fe=2.56e+07 wall=124s
[6/6] opes screen_g3.0
ALA_opes_screen_g3.0: e_F=7.9029 e_Fprod=7.9029 I_F=10.6165 dcond=0.7992 cov=0.844 fe=2.56e+07 wall=128s
ALL_DONE 772s
PEN best gain 0.3 I_F 0.24404177658866227
ALA best gain 0.3 I_F 8.435762304306696
[1/3] opes confirm
PEN_opes_confirm: e_F=0.1728 e_Fprod=0.1728 I_F=0.1958 dcond=0.0268 cov=1.000 fe=1.02e+08 wall=491s
[2/3] opes confirm
ALA_opes_confirm: e_F=4.6904 e_Fprod=4.6904 I_F=7.0355 dcond=0.4606 cov=0.889 fe=1.02e+08 wall=505s
[3/3] opes long
PEN_opes_long: e_F=0.1571 e_Fprod=0.1571 I_F=0.1675 dcond=0.0084 cov=1.000 fe=4.1e+08 wall=2011s
ALL_DONE 3009s
OPES_DONE
