[1/13] opes screen_s0.05b8
PEN_opes_screen_s0.05b8: e_F=0.0650 e_Fprod=0.0650 I_F=0.0860 dcond=0.0490 cov=0.978 fe=2.56e+07 wall=148s
[2/13] opes screen_s0.1b8
PEN_opes_screen_s0.1b8: e_F=0.0724 e_Fprod=0.0724 I_F=0.0913 dcond=0.0451 cov=1.000 fe=2.56e+07 wall=146s
[3/13] opes screen_s0.2b8
PEN_opes_screen_s0.2b8: e_F=0.0736 e_Fprod=0.0736 I_F=0.1582 dcond=0.0631 cov=0.978 fe=2.56e+07 wall=147s
[4/13] opes screen_s0.05b20
PEN_opes_screen_s0.05b20: e_F=0.0728 e_Fprod=0.0728 I_F=0.1395 dcond=0.0494 cov=1.000 fe=2.56e+07 wall=151s
[5/13] opes screen_s0.05b20
ALA_opes_screen_s0.05b20: e_F=11.0640 e_Fprod=11.0640 I_F=14.6177 dcond=1.0695 cov=0.578 fe=2.56e+07 wall=151s
[6/13] opes screen_s0.1b20
ALA_opes_screen_s0.1b20: e_F=14.3134 e_Fprod=14.3134 I_F=17.2928 dcond=1.0527 cov=0.656 fe=2.56e+07 wall=147s
[7/13] opes screen_s0.1b40
ALA_opes_screen_s0.1b40: e_F=16.3273 e_Fprod=16.3273 I_F=19.6663 dcond=1.1659 cov=0.644 fe=2.56e+07 wall=148s
[8/13] abp screen_g0.03
PEN_abp_screen_g0.03: e_F=0.0579 e_Fprod=0.0579 I_F=0.0769 dcond=0.0483 cov=1.000 fe=2.56e+07 wall=123s
[9/13] abp screen_g0.03
ALA_abp_screen_g0.03: e_F=5.9214 e_Fprod=5.9214 I_F=6.7788 dcond=0.2976 cov=0.544 fe=2.56e+07 wall=127s
[10/13] abp screen_g0.3
PEN_abp_screen_g0.3: e_F=0.0723 e_Fprod=0.0723 I_F=0.1079 dcond=0.0508 cov=1.000 fe=2.56e+07 wall=125s
[11/13] abp screen_g0.3
ALA_abp_screen_g0.3: e_F=8.2292 e_Fprod=8.2292 I_F=8.1237 dcond=0.8256 cov=0.956 fe=2.56e+07 wall=128s
[12/13] abp screen_g3.0
PEN_abp_screen_g3.0: e_F=0.0744 e_Fprod=0.0744 I_F=0.1259 dcond=0.0500 cov=1.000 fe=2.56e+07 wall=123s
[13/13] abp screen_g3.0
ALA_abp_screen_g3.0: e_F=7.4440 e_Fprod=7.4440 I_F=10.1835 dcond=0.7987 cov=0.844 fe=2.56e+07 wall=126s
ALL_DONE 1790s
PEN opes best s0.05b8 I_F 0.08602616314242598
Traceback (most recent call last):
  File "<stdin>", line 18, in <module>
ValueError: not enough values to unpack (expected 2, got 1)
