[1/21] wfr_rot screen
PEN_wfr_rot_screen: e_F=0.0681 I_F=0.0814 dcond=0.2096 cov=1.000 fe=2.69e+07 wall=147s
[2/21] wfr_shake screen
PEN_wfr_shake_screen: e_F=0.2487 I_F=0.2629 dcond=0.2077 cov=1.000 fe=2.69e+07 wall=179s
[3/21] wfr_ymap screen
PEN_wfr_ymap_screen: e_F=0.0312 I_F=0.0426 dcond=0.0286 cov=1.000 fe=2.69e+07 wall=151s
[4/21] wfr_yref screen
PEN_wfr_yref_screen: e_F=0.0304 I_F=0.0370 dcond=0.0097 cov=1.000 fe=2.69e+07 wall=146s
[5/21] wfr_lmap screen_bz0.15
PEN_wfr_lmap_screen_bz0.15: e_F=0.0987 I_F=0.1024 dcond=0.2624 cov=1.000 fe=5.37e+07 wall=335s
[6/21] wfr_lmap screen_bz0.25
PEN_wfr_lmap_screen_bz0.25: e_F=0.0960 I_F=0.1006 dcond=0.2487 cov=1.000 fe=5.37e+07 wall=336s
[7/21] wfr_lmap screen_bz0.4
PEN_wfr_lmap_screen_bz0.4: e_F=0.0927 I_F=0.0965 dcond=0.2459 cov=1.000 fe=5.37e+07 wall=433s
[8/21] wfr_lref screen_bz0.15
PEN_wfr_lref_screen_bz0.15: e_F=0.1261 I_F=0.0870 dcond=1.1556 cov=1.000 fe=5.37e+07 wall=400s
[9/21] wfr_lref screen_bz0.25
PEN_wfr_lref_screen_bz0.25: e_F=0.1284 I_F=0.0881 dcond=1.1751 cov=1.000 fe=5.37e+07 wall=382s
[10/21] wfr_lref screen_bz0.4
PEN_wfr_lref_screen_bz0.4: e_F=0.1334 I_F=0.0922 dcond=1.2069 cov=1.000 fe=5.37e+07 wall=411s
[11/21] ti_cold screen_w32
PEN_ti_cold_screen_w32: e_F=0.0641 I_F=0.0796 dcond=0.1723 cov=0.711 fe=2.69e+07 wall=135s
[12/21] ti_warm screen_w32
PEN_ti_warm_screen_w32: e_F=0.0420 I_F=0.0478 dcond=0.1533 cov=0.711 fe=2.69e+07 wall=135s
[13/21] ti_cold screen_w64
PEN_ti_cold_screen_w64: e_F=0.0627 I_F=0.0804 dcond=0.1931 cov=1.000 fe=2.69e+07 wall=134s
[14/21] ti_warm screen_w64
PEN_ti_warm_screen_w64: e_F=0.0343 I_F=0.0474 dcond=0.1756 cov=1.000 fe=2.69e+07 wall=132s
[15/21] ti_cold screen_w128
PEN_ti_cold_screen_w128: e_F=0.0613 I_F=0.0804 dcond=0.1996 cov=1.000 fe=2.69e+07 wall=121s
[16/21] ti_warm screen_w128
PEN_ti_warm_screen_w128: e_F=0.0347 I_F=0.0480 dcond=0.1779 cov=1.000 fe=2.69e+07 wall=131s
[17/21] ti_cold screen_w256
PEN_ti_cold_screen_w256: e_F=0.0653 I_F=0.0858 dcond=0.1975 cov=1.000 fe=2.69e+07 wall=132s
[18/21] ti_warm screen_w256
PEN_ti_warm_screen_w256: e_F=0.0431 I_F=0.0499 dcond=0.1843 cov=1.000 fe=2.69e+07 wall=132s
[19/21] abf screen_n50
PEN_abf_screen_n50: e_F=0.0505 I_F=0.0667 dcond=0.0525 cov=1.000 fe=2.56e+07 wall=91s
[20/21] abf screen_n200
PEN_abf_screen_n200: e_F=0.0476 I_F=0.0668 dcond=0.0489 cov=1.000 fe=2.56e+07 wall=102s
[21/21] abf screen_n800
PEN_abf_screen_n800: e_F=0.0476 I_F=0.0703 dcond=0.0483 cov=1.000 fe=2.56e+07 wall=101s
ALL_DONE 4267s
  400000/2000000 358s eta 1433s
  600000/2000000 576s eta 1344s
  800000/2000000 800s eta 1199s
  1000000/2000000 960s eta 960s
  1200000/2000000 1061s eta 707s
  1400000/2000000 1162s eta 498s
  1600000/2000000 1337s eta 334s
  1800000/2000000 1438s eta 160s
done 1650s -> results/mol/ref/HEX_ref.npz
SCREEN_DONE
