=== sweep EB_flowj  fe=1.02e+07  floor=0.00398 ===
     lift n_cond  anneal  reset   kappa  theta |       I_F   e_F_fin    /fl    chan   cov   ess
iden/flow      5    None   None    0.03    0.0 |   0.24331   0.00833    2.1  0.1657  1.00  1.00
iden/flow      5    None   None    0.03    0.6 |   1.01134   1.07449  270.0  0.0698  0.16  1.00
iden/flow      5    None   None   0.125    0.0 |   0.06208   0.00845    2.1  0.1553  1.00  1.00
iden/flow      5    None   None   0.125    0.6 |   0.71836   0.58722  147.6  0.1149  0.28  1.00
iden/flow      5    None   None     0.5    0.0 |   0.02802   0.00930    2.3  0.1527  1.00  1.00
iden/flow      5    None   None     0.5    0.6 |   0.14675   0.01127    2.8  0.1124  0.33  1.00
iden/flow      5    None   None     2.0    0.0 |   0.03784   0.01135    2.9  0.1652  0.90  1.00
iden/flow      5    None   None     2.0    0.6 |   0.03386   0.01102    2.8  0.1449  0.44  1.00
iden/flow      5    None   None     8.0    0.0 |   0.07098   0.04881   12.3  0.1791  0.93  1.00
iden/flow      5    None   None     8.0    0.6 |   0.05641   0.05055   12.7  0.1839  0.42  1.00
   [32s]
 iden/sde      5    None   None    0.03    0.0 |   0.17211   0.01472    3.7  0.1924  0.98  1.00
 iden/sde      5    None   None    0.03    0.6 |   0.02328   0.01255    3.2  0.1797  1.00  1.00
 iden/sde      5    None   None   0.125    0.0 |   0.07248   0.03633    9.1  0.1605  1.00  1.00
 iden/sde      5    None   None   0.125    0.6 |   0.03549   0.03283    8.3  0.1649  1.00  1.00
 iden/sde      5    None   None     0.5    0.0 |   0.09538   0.07624   19.2  0.1673  1.00  1.00
 iden/sde      5    None   None     0.5    0.6 |   0.08491   0.07580   19.0  0.1680  1.00  1.00
 iden/sde      5    None   None     2.0    0.0 |   0.13226   0.11303   28.4  0.1514  1.00  1.00
 iden/sde      5    None   None     2.0    0.6 |   0.11738   0.11022   27.7  0.1602  1.00  1.00
 iden/sde      5    None   None     8.0    0.0 |   0.10876   0.09442   23.7  0.1626  0.99  1.00
 iden/sde      5    None   None     8.0    0.6 |   0.10144   0.09350   23.5  0.1739  1.00  1.00
   [30s]

BEST {'lift': 'identity', 'w_mode': 'sde', 'bw_kde': 0.1, 'n_cond': 5, 'anneal': None, 'reset': None, 'kappa': 0.03, 'theta': 0.6, 'I_F': 0.02327659451787669, 'e_F_final': 0.012551556349769327, 'chan': 0.17968962090038126, 'cov': 1.0, 'ess': 1.0}
