=== sweep TORSION_L12_kscan  fe=2.56e+07  floor=0.00185 ===
     lift n_cond  anneal  reset   kappa  theta |       I_F   e_F_fin    /fl    chan   cov   ess
 iden/sde      5    0.01   None   0.125    0.0 |   0.05895   0.01143    6.2  0.1452  1.00  1.00
 iden/sde      5    0.01   None   0.125    0.6 |   0.01635   0.01166    6.3  0.1510  1.00  1.00
 iden/sde      5    0.01   None     0.5    0.0 |   0.02595   0.01472    8.0  0.1346  1.00  1.00
 iden/sde      5    0.01   None     0.5    0.6 |   0.01769   0.01502    8.1  0.1769  1.00  1.00
 iden/sde      5    0.01   None     2.0    0.0 |   0.02452   0.02346   12.7  0.1526  1.00  1.00
 iden/sde      5    0.01   None     2.0    0.6 |   0.02409   0.02342   12.7  0.1710  1.00  1.00
 iden/sde      5    0.01   None     8.0    0.0 |   0.03108   0.03097   16.8  0.1429  1.00  1.00
 iden/sde      5    0.01   None     8.0    0.6 |   0.03104   0.03095   16.8  0.1457  1.00  1.00
   [78s]
iden/flow      5    0.01   None   0.125    0.0 |   0.09024   0.01350    7.3  0.1425  1.00  1.00
iden/flow      5    0.01   None   0.125    0.6 |   0.02237   0.00781    4.2  0.1652  1.00  1.00
iden/flow      5    0.01   None     0.5    0.0 |   0.04587   0.01130    6.1  0.1421  1.00  1.00
iden/flow      5    0.01   None     0.5    0.6 |   0.01353   0.00727    3.9  0.1464  1.00  1.00
iden/flow      5    0.01   None     2.0    0.0 |   0.02886   0.00927    5.0  0.1391  1.00  1.00
iden/flow      5    0.01   None     2.0    0.6 |   0.01620   0.01006    5.4  0.1625  1.00  1.00
iden/flow      5    0.01   None     8.0    0.0 |   0.01558   0.01119    6.1  0.1307  1.00  1.00
iden/flow      5    0.01   None     8.0    0.6 |   0.01484   0.01122    6.1  0.1741  1.00  1.00
   [83s]

BEST {'lift': 'identity', 'w_mode': 'flow', 'bw_kde': 0.1, 'n_cond': 5, 'fr_jitter': 0.01, 'anneal': None, 'reset': None, 'kappa': 0.5, 'theta': 0.6, 'I_F': 0.0135311166693545, 'e_F_final': 0.007274514854566862, 'chan': 0.14642421293262303, 'cov': 1.0, 'ess': 1.0}
