=== sweep EB_flowjit  fe=1.02e+07  floor=0.00398 ===
     lift n_cond  anneal  reset   kappa  theta |       I_F   e_F_fin    /fl    chan   cov   ess
iden/flow      5     0.0   None   0.125    0.0 |   0.06068   0.00813    2.0  0.1430  1.00  1.00
iden/flow      5     0.0   None   0.125    0.3 |   0.69695   0.44196  111.1  0.1263  0.31  1.00
iden/flow      5     0.0   None   0.125    0.6 |   0.71816   0.57826  145.3  0.0995  0.27  1.00
iden/flow      5     0.0   None     0.5    0.0 |   0.02965   0.00916    2.3  0.1491  1.00  1.00
iden/flow      5     0.0   None     0.5    0.3 |   0.13197   0.01035    2.6  0.1310  0.40  1.00
iden/flow      5     0.0   None     0.5    0.6 |   0.14675   0.01127    2.8  0.1124  0.33  1.00
iden/flow      5     0.0   None     2.0    0.0 |   0.03784   0.01135    2.9  0.1652  0.90  1.00
iden/flow      5     0.0   None     2.0    0.3 |   0.02760   0.00875    2.2  0.1400  0.48  1.00
iden/flow      5     0.0   None     2.0    0.6 |   0.03308   0.01081    2.7  0.1468  0.44  1.00
   [33s]
iden/flow      5    0.01   None   0.125    0.0 |   0.06006   0.01017    2.6  0.1458  1.00  1.00
iden/flow      5    0.01   None   0.125    0.3 |   0.02544   0.00836    2.1  0.1700  1.00  1.00
iden/flow      5    0.01   None   0.125    0.6 |   0.02328   0.00746    1.9  0.1586  1.00  1.00
iden/flow      5    0.01   None     0.5    0.0 |   0.03078   0.01098    2.8  0.1459  1.00  1.00
iden/flow      5    0.01   None     0.5    0.3 |   0.01474   0.00888    2.2  0.1480  1.00  1.00
iden/flow      5    0.01   None     0.5    0.6 |   0.01457   0.00861    2.2  0.1633  1.00  1.00
iden/flow      5    0.01   None     2.0    0.0 |   0.03803   0.01251    3.1  0.1667  1.00  1.00
iden/flow      5    0.01   None     2.0    0.3 |   0.01397   0.00794    2.0  0.1664  1.00  1.00
iden/flow      5    0.01   None     2.0    0.6 |   0.01581   0.00825    2.1  0.1684  1.00  1.00
   [33s]
iden/flow      5    0.05   None   0.125    0.0 |   0.07244   0.05259   13.2  0.1502  1.00  1.00
iden/flow      5    0.05   None   0.125    0.3 |   0.05617   0.05133   12.9  0.1603  1.00  1.00
iden/flow      5    0.05   None   0.125    0.6 |   0.05696   0.05471   13.8  0.1664  1.00  1.00
iden/flow      5    0.05   None     0.5    0.0 |   0.06775   0.05302   13.3  0.1720  1.00  1.00
iden/flow      5    0.05   None     0.5    0.3 |   0.05948   0.05288   13.3  0.1514  1.00  1.00
iden/flow      5    0.05   None     0.5    0.6 |   0.05372   0.05088   12.8  0.1714  1.00  1.00
iden/flow      5    0.05   None     2.0    0.0 |   0.07301   0.05374   13.5  0.1741  1.00  1.00
iden/flow      5    0.05   None     2.0    0.3 |   0.05435   0.05028   12.6  0.1618  1.00  1.00
iden/flow      5    0.05   None     2.0    0.6 |   0.05847   0.05233   13.2  0.1557  1.00  1.00
   [33s]

BEST {'lift': 'identity', 'w_mode': 'flow', 'bw_kde': 0.1, 'n_cond': 5, 'fr_jitter': 0.01, 'anneal': None, 'reset': None, 'kappa': 2.0, 'theta': 0.3, 'I_F': 0.013972884189104508, 'e_F_final': 0.007943436518396556, 'chan': 0.16638652725319325, 'cov': 1.0, 'ess': 1.0}
