=== sweep EB_scaled  fe=1.02e+07  floor=0.00398 ===
     lift n_cond  anneal  reset   kappa  theta |       I_F   e_F_fin    /fl    chan   cov   ess
   scaled      5    None   None    0.03    0.0 |   0.15103   0.00545    1.4  0.1595  0.98  1.00
   scaled      5    None   None    0.03    0.6 |   0.01821   0.00601    1.5  0.1593  1.00  1.00
   scaled      5    None   None   0.125    0.0 |   0.03257   0.00607    1.5  0.1583  0.99  1.00
   scaled      5    None   None   0.125    0.6 |   0.00701   0.00592    1.5  0.1658  1.00  1.00
   scaled      5    None   None     0.5    0.0 |   0.01117   0.00623    1.6  0.1621  1.00  1.00
   scaled      5    None   None     0.5    0.6 |   0.00718   0.00624    1.6  0.1597  1.00  1.00
   scaled      5    None   None     2.0    0.0 |   0.00973   0.00930    2.3  0.1515  1.00  1.00
   scaled      5    None   None     2.0    0.6 |   0.00960   0.00949    2.4  0.1767  1.00  1.00
   [30s]
 identity      5    None   None    0.03    0.0 |   0.16703   0.01604    4.0  0.1548  0.98  1.00
 identity      5    None   None    0.03    0.6 |   0.02963   0.01407    3.5  0.1646  1.00  1.00
 identity      5    None   None   0.125    0.0 |   0.07569   0.03627    9.1  0.1517  0.99  1.00
 identity      5    None   None   0.125    0.6 |   0.03766   0.03407    8.6  0.1641  1.00  1.00
 identity      5    None   None     0.5    0.0 |   0.08996   0.07439   18.7  0.1620  1.00  1.00
 identity      5    None   None     0.5    0.6 |   0.07833   0.07371   18.5  0.1647  1.00  1.00
 identity      5    None   None     2.0    0.0 |   0.13469   0.11495   28.9  0.1558  1.00  1.00
 identity      5    None   None     2.0    0.6 |   0.11740   0.11098   27.9  0.1607  1.00  1.00
   [29s]

BEST {'lift': 'scaled', 'n_cond': 5, 'anneal': None, 'reset': None, 'kappa': 0.125, 'theta': 0.6, 'I_F': 0.007011710431733259, 'e_F_final': 0.0059153232020624415, 'chan': 0.1657810696537465, 'cov': 1.0, 'ess': 1.0}
