=== sweep TORSION_L24_bwscan  fe=2.56e+07  floor=0.00300 ===
     lift n_cond  anneal  reset   kappa  theta |       I_F   e_F_fin    /fl    chan   cov   ess
 kde/flow     24    0.01    0.1   0.125    0.6 |   0.05883   0.01591    5.3  0.1637  1.00  1.00
 kde/flow     24    0.01    0.1     0.5    0.6 |   0.03506   0.01585    5.3  0.1454  1.00  1.00
 kde/flow     24    0.01    0.1     2.0    0.6 |   0.02792   0.01066    3.6  0.1530  1.00  1.00
   [115s]
 kde/flow     24    0.01    0.3   0.125    0.6 |   0.08155   0.02015    6.7  0.1668  1.00  1.00
 kde/flow     24    0.01    0.3     0.5    0.6 |   0.05554   0.01761    5.9  0.1549  1.00  1.00
 kde/flow     24    0.01    0.3     2.0    0.6 |   0.03354   0.01949    6.5  0.1567  1.00  1.00
   [123s]
 kde/flow     24    0.01    1.0   0.125    0.6 |   0.11861   0.01179    3.9  0.1511  1.00  1.00
 kde/flow     24    0.01    1.0     0.5    0.6 |   0.10186   0.01592    5.3  0.1509  1.00  1.00
 kde/flow     24    0.01    1.0     2.0    0.6 |   0.07203   0.02148    7.2  0.1562  1.00  1.00
   [158s]
  kde/sde     24    0.01    0.1   0.125    0.6 |   0.03488   0.01754    5.9  0.1755  1.00  1.00
  kde/sde     24    0.01    0.1     0.5    0.6 |   0.02253   0.01499    5.0  0.1669  1.00  1.00
  kde/sde     24    0.01    0.1     2.0    0.6 |   0.02581   0.02357    7.9  0.1681  1.00  1.00
   [119s]
  kde/sde     24    0.01    0.3   0.125    0.6 |   0.03010   0.01519    5.1  0.1594  1.00  1.00
  kde/sde     24    0.01    0.3     0.5    0.6 |   0.02237   0.01532    5.1  0.1557  1.00  1.00
  kde/sde     24    0.01    0.3     2.0    0.6 |   0.02506   0.02355    7.9  0.1500  1.00  1.00
   [115s]
  kde/sde     24    0.01    1.0   0.125    0.6 |   0.03673   0.01616    5.4  0.1412  1.00  1.00
  kde/sde     24    0.01    1.0     0.5    0.6 |   0.02345   0.01633    5.5  0.1319  1.00  1.00
  kde/sde     24    0.01    1.0     2.0    0.6 |   0.02479   0.02366    7.9  0.1350  1.00  1.00
   [108s]

BEST {'lift': 'identity', 'w_mode': 'sde', 'bw_kde': 0.3, 'n_cond': 5, 'fr_jitter': 0.01, 'anneal': None, 'reset': None, 'density_model': 'kde', 'gmm_K': 24, 'kappa': 0.5, 'theta': 0.6, 'I_F': 0.02237261382804936, 'e_F_final': 0.015321309281503354, 'chan': 0.1556538024139275, 'cov': 1.0, 'ess': 1.0}
