=== sweep EB_gmm  fe=1.02e+07  floor=0.00398 ===
     lift n_cond  anneal  reset   kappa  theta |       I_F   e_F_fin    /fl    chan   cov   ess
 gmm/flow      8    0.01    0.1     0.5    0.3 |   0.18747   0.17464   43.9  0.0000  0.00  1.00
 gmm/flow      8    0.01    0.1     0.5    0.6 |   0.14054   0.12949   32.5  0.0000  0.00  1.00
 gmm/flow      8    0.01    0.1     2.0    0.3 |   0.48836   0.48758  122.5  0.0000  0.00  1.00
 gmm/flow      8    0.01    0.1     2.0    0.6 |   0.63102   0.63005  158.3  0.0000  0.00  1.00
   [32s]
 gmm/flow     24    0.01    0.1     0.5    0.3 |   0.01573   0.00955    2.4  0.1649  1.00  1.00
 gmm/flow     24    0.01    0.1     0.5    0.6 |   0.01381   0.00831    2.1  0.1866  1.00  1.00
 gmm/flow     24    0.01    0.1     2.0    0.3 |   0.01601   0.01169    2.9  0.1921  0.98  1.00
 gmm/flow     24    0.01    0.1     2.0    0.6 |   0.02141   0.01372    3.4  0.2093  0.93  1.00
   [31s]
 gmm/flow     64    0.01    0.1     0.5    0.3 |   0.01879   0.00935    2.4  0.1947  1.00  1.00
 gmm/flow     64    0.01    0.1     0.5    0.6 |   0.01742   0.00934    2.3  0.2120  0.99  1.00
 gmm/flow     64    0.01    0.1     2.0    0.3 |   0.02827   0.02160    5.4  0.2037  0.96  1.00
 gmm/flow     64    0.01    0.1     2.0    0.6 |   0.02694   0.02526    6.3  0.0000  0.00  1.00
   [32s]
 kde/flow      8    0.01    0.1     0.5    0.3 |   0.01391   0.00836    2.1  0.1659  1.00  1.00
 kde/flow      8    0.01    0.1     0.5    0.6 |   0.01443   0.00826    2.1  0.1766  1.00  1.00
 kde/flow      8    0.01    0.1     2.0    0.3 |   0.01366   0.00823    2.1  0.1714  1.00  1.00
 kde/flow      8    0.01    0.1     2.0    0.6 |   0.01566   0.00866    2.2  0.1653  1.00  1.00
   [30s]
 kde/flow     24    0.01    0.1     0.5    0.3 |   0.01391   0.00836    2.1  0.1659  1.00  1.00
 kde/flow     24    0.01    0.1     0.5    0.6 |   0.01443   0.00826    2.1  0.1766  1.00  1.00
 kde/flow     24    0.01    0.1     2.0    0.3 |   0.01366   0.00823    2.1  0.1714  1.00  1.00
 kde/flow     24    0.01    0.1     2.0    0.6 |   0.01566   0.00866    2.2  0.1653  1.00  1.00
   [29s]
 kde/flow     64    0.01    0.1     0.5    0.3 |   0.01391   0.00836    2.1  0.1659  1.00  1.00
 kde/flow     64    0.01    0.1     0.5    0.6 |   0.01443   0.00826    2.1  0.1766  1.00  1.00
 kde/flow     64    0.01    0.1     2.0    0.3 |   0.01366   0.00823    2.1  0.1714  1.00  1.00
 kde/flow     64    0.01    0.1     2.0    0.6 |   0.01566   0.00866    2.2  0.1653  1.00  1.00
   [30s]

BEST {'lift': 'identity', 'w_mode': 'flow', 'bw_kde': 0.1, 'n_cond': 5, 'fr_jitter': 0.01, 'anneal': None, 'reset': None, 'density_model': 'kde', 'gmm_K': 8, 'kappa': 2.0, 'theta': 0.3, 'I_F': 0.013659644767777366, 'e_F_final': 0.008233752455759313, 'chan': 0.17143961041455458, 'cov': 1.0, 'ess': 1.0}
