device=cuda git=64567ea9f0c909edadf2dffb2654636cb4493d26 campaign_sha=e64d719c7922 cell={'beta': 1.0, 'h': 2.0, 'w': 2.0, 'n_dim': 10, 'a': 1.5, 'sigma': 1.0, 'epsilon': 1.0} fr={'fr_rate': 0.1, 'fr_every': 5, 'fr_start_steps': 20000, 'target_ema_rate': 0.005, 'max_event_fraction': 0.02, 'score_clip': 2.0}
[calibration] histogram ABF only, n_bins [40, 80, 160, 320], seeds [3000, 3001, 3002, 3003, 3004, 3005, 3006, 3007]
        hist40_abf seed3000: saved (144s, sampler 144s)
        hist80_abf seed3000: saved (144s, sampler 144s)
       hist160_abf seed3000: saved (140s, sampler 140s)
       hist320_abf seed3000: saved (141s, sampler 141s)
        hist40_abf seed3001: saved (143s, sampler 143s)
        hist80_abf seed3001: saved (142s, sampler 142s)
       hist160_abf seed3001: saved (142s, sampler 142s)
       hist320_abf seed3001: saved (143s, sampler 143s)
        hist40_abf seed3002: saved (142s, sampler 142s)
        hist80_abf seed3002: saved (142s, sampler 142s)
       hist160_abf seed3002: saved (141s, sampler 141s)
       hist320_abf seed3002: saved (142s, sampler 142s)
        hist40_abf seed3003: saved (142s, sampler 142s)
        hist80_abf seed3003: saved (142s, sampler 142s)
       hist160_abf seed3003: saved (153s, sampler 153s)
       hist320_abf seed3003: saved (153s, sampler 153s)
        hist40_abf seed3004: saved (156s, sampler 156s)
        hist80_abf seed3004: saved (154s, sampler 154s)
       hist160_abf seed3004: saved (146s, sampler 146s)
       hist320_abf seed3004: saved (144s, sampler 144s)
        hist40_abf seed3005: saved (144s, sampler 143s)
        hist80_abf seed3005: saved (142s, sampler 142s)
       hist160_abf seed3005: saved (141s, sampler 141s)
       hist320_abf seed3005: saved (143s, sampler 143s)
        hist40_abf seed3006: saved (141s, sampler 141s)
        hist80_abf seed3006: saved (144s, sampler 144s)
       hist160_abf seed3006: saved (143s, sampler 142s)
       hist320_abf seed3006: saved (142s, sampler 142s)
        hist40_abf seed3007: saved (151s, sampler 151s)
        hist80_abf seed3007: saved (154s, sampler 154s)
       hist160_abf seed3007: saved (156s, sampler 156s)
       hist320_abf seed3007: saved (146s, sampler 146s)
done in 1.29 h
