device=cuda git=64567ea9f0c909edadf2dffb2654636cb4493d26 campaign_sha=e64d719c7922 cell={'beta': 1.0, 'h': 2.0, 'w': 2.0, 'n_dim': 10, 'a': 1.5, 'sigma': 1.0, 'epsilon': 1.0} fr={'fr_rate': 0.1, 'fr_every': 5, 'fr_start_steps': 20000, 'target_ema_rate': 0.005, 'max_event_fraction': 0.02, 'score_clip': 2.0}
[confirmation] frozen n_bins=160 (selected 2026-09-27T11:41:18Z); seeds 3100-3115; kernel arms carry the read-out bank (0.0125, 0.00625, 0.0)
        kernel_abf seed3100: saved (238s, sampler 238s)
  kernel_fr_uniform seed3100: saved repl=2237 essW=0.804 wmax=0.0254 (258s, sampler 258s)
          hist_abf seed3100: saved (144s, sampler 144s)
   hist_fr_uniform seed3100: saved repl=3648 essW=0.710 wmax=0.0283 (166s, sampler 166s)
        kernel_abf seed3101: saved (237s, sampler 237s)
  kernel_fr_uniform seed3101: saved repl=2170 essW=0.806 wmax=0.0293 (259s, sampler 259s)
          hist_abf seed3101: saved (142s, sampler 142s)
   hist_fr_uniform seed3101: saved repl=3623 essW=0.727 wmax=0.0430 (166s, sampler 166s)
        kernel_abf seed3102: saved (237s, sampler 237s)
  kernel_fr_uniform seed3102: saved repl=2193 essW=0.810 wmax=0.0176 (259s, sampler 259s)
          hist_abf seed3102: saved (140s, sampler 140s)
   hist_fr_uniform seed3102: saved repl=3680 essW=0.727 wmax=0.0400 (165s, sampler 165s)
        kernel_abf seed3103: saved (236s, sampler 236s)
  kernel_fr_uniform seed3103: saved repl=2179 essW=0.815 wmax=0.0166 (259s, sampler 259s)
          hist_abf seed3103: saved (142s, sampler 142s)
   hist_fr_uniform seed3103: saved repl=3467 essW=0.729 wmax=0.0225 (168s, sampler 168s)
        kernel_abf seed3104: saved (236s, sampler 236s)
  kernel_fr_uniform seed3104: saved repl=2156 essW=0.811 wmax=0.0205 (259s, sampler 259s)
          hist_abf seed3104: saved (141s, sampler 141s)
   hist_fr_uniform seed3104: saved repl=3615 essW=0.712 wmax=0.0361 (166s, sampler 166s)
        kernel_abf seed3105: saved (237s, sampler 237s)
  kernel_fr_uniform seed3105: saved repl=2122 essW=0.824 wmax=0.0215 (258s, sampler 258s)
          hist_abf seed3105: saved (143s, sampler 143s)
   hist_fr_uniform seed3105: saved repl=3731 essW=0.722 wmax=0.0264 (165s, sampler 165s)
        kernel_abf seed3106: saved (235s, sampler 235s)
  kernel_fr_uniform seed3106: saved repl=2081 essW=0.828 wmax=0.0186 (261s, sampler 261s)
          hist_abf seed3106: saved (153s, sampler 153s)
   hist_fr_uniform seed3106: saved repl=3553 essW=0.727 wmax=0.0234 (179s, sampler 179s)
        kernel_abf seed3107: saved (254s, sampler 254s)
  kernel_fr_uniform seed3107: saved repl=2182 essW=0.809 wmax=0.0166 (279s, sampler 279s)
          hist_abf seed3107: saved (154s, sampler 154s)
   hist_fr_uniform seed3107: saved repl=3550 essW=0.710 wmax=0.0566 (179s, sampler 179s)
        kernel_abf seed3108: saved (237s, sampler 237s)
  kernel_fr_uniform seed3108: saved repl=2207 essW=0.814 wmax=0.0156 (258s, sampler 258s)
          hist_abf seed3108: saved (142s, sampler 142s)
   hist_fr_uniform seed3108: saved repl=3591 essW=0.723 wmax=0.0293 (165s, sampler 164s)
        kernel_abf seed3109: saved (236s, sampler 236s)
  kernel_fr_uniform seed3109: saved repl=2147 essW=0.823 wmax=0.0166 (257s, sampler 257s)
          hist_abf seed3109: saved (142s, sampler 142s)
   hist_fr_uniform seed3109: saved repl=3605 essW=0.724 wmax=0.0361 (166s, sampler 166s)
        kernel_abf seed3110: saved (237s, sampler 237s)
  kernel_fr_uniform seed3110: saved repl=2199 essW=0.818 wmax=0.0244 (260s, sampler 260s)
          hist_abf seed3110: saved (145s, sampler 145s)
   hist_fr_uniform seed3110: saved repl=3673 essW=0.728 wmax=0.0264 (179s, sampler 179s)
        kernel_abf seed3111: saved (255s, sampler 255s)
  kernel_fr_uniform seed3111: saved repl=2199 essW=0.809 wmax=0.0195 (280s, sampler 280s)
          hist_abf seed3111: saved (152s, sampler 152s)
   hist_fr_uniform seed3111: saved repl=3679 essW=0.695 wmax=0.0244 (180s, sampler 180s)
        kernel_abf seed3112: saved (254s, sampler 254s)
  kernel_fr_uniform seed3112: saved repl=2176 essW=0.808 wmax=0.0244 (259s, sampler 259s)
          hist_abf seed3112: saved (140s, sampler 140s)
   hist_fr_uniform seed3112: saved repl=3596 essW=0.696 wmax=0.0322 (164s, sampler 164s)
        kernel_abf seed3113: saved (235s, sampler 235s)
  kernel_fr_uniform seed3113: saved repl=2197 essW=0.817 wmax=0.0166 (259s, sampler 259s)
          hist_abf seed3113: saved (142s, sampler 142s)
   hist_fr_uniform seed3113: saved repl=3710 essW=0.687 wmax=0.0312 (165s, sampler 165s)
        kernel_abf seed3114: saved (235s, sampler 235s)
  kernel_fr_uniform seed3114: saved repl=2114 essW=0.785 wmax=0.0156 (257s, sampler 257s)
          hist_abf seed3114: saved (140s, sampler 140s)
   hist_fr_uniform seed3114: saved repl=3519 essW=0.728 wmax=0.0312 (164s, sampler 164s)
        kernel_abf seed3115: saved (236s, sampler 236s)
  kernel_fr_uniform seed3115: saved repl=2196 essW=0.805 wmax=0.0166 (259s, sampler 259s)
          hist_abf seed3115: saved (142s, sampler 142s)
   hist_fr_uniform seed3115: saved repl=3651 essW=0.716 wmax=0.0293 (172s, sampler 172s)
done in 3.62 h
