  seed 3300 hist_abf         fr_start  20000: e_F(T) 0.0935  I_F 38.19  repl 0  ESSw/N nan  (143s)
  seed 3300 hist_fr_s0       fr_start      0: e_F(T) 0.0522  I_F 24.43  repl 4639  ESSw/N 0.608  (171s)
  seed 3300 hist_fr_s2500    fr_start   2500: e_F(T) 0.0509  I_F 33.32  repl 4485  ESSw/N 0.668  (171s)
  seed 3300 hist_fr_s10000   fr_start  10000: e_F(T) 0.0455  I_F 29.82  repl 4161  ESSw/N 0.716  (170s)
  seed 3300 hist_fr_s20000   fr_start  20000: e_F(T) 0.0449  I_F 38.12  repl 3515  ESSw/N 0.728  (165s)
  seed 3301 hist_abf         fr_start  20000: e_F(T) 0.0975  I_F 46.46  repl 0  ESSw/N nan  (140s)
  seed 3301 hist_fr_s0       fr_start      0: e_F(T) 0.0507  I_F 26.75  repl 4628  ESSw/N 0.644  (172s)
  seed 3301 hist_fr_s2500    fr_start   2500: e_F(T) 0.0463  I_F 25.33  repl 4503  ESSw/N 0.687  (170s)
  seed 3301 hist_fr_s10000   fr_start  10000: e_F(T) 0.0503  I_F 33.88  repl 4219  ESSw/N 0.672  (169s)
  seed 3301 hist_fr_s20000   fr_start  20000: e_F(T) 0.0450  I_F 28.05  repl 3635  ESSw/N 0.700  (165s)
  seed 3302 hist_abf         fr_start  20000: e_F(T) 0.0865  I_F 40.12  repl 0  ESSw/N nan  (140s)
  seed 3302 hist_fr_s0       fr_start      0: e_F(T) 0.0488  I_F 28.02  repl 4608  ESSw/N 0.629  (169s)
  seed 3302 hist_fr_s2500    fr_start   2500: e_F(T) 0.0489  I_F 26.25  repl 4451  ESSw/N 0.705  (169s)
  seed 3302 hist_fr_s10000   fr_start  10000: e_F(T) 0.0503  I_F 29.04  repl 4147  ESSw/N 0.707  (168s)
  seed 3302 hist_fr_s20000   fr_start  20000: e_F(T) 0.0472  I_F 30.25  repl 3457  ESSw/N 0.712  (166s)
  seed 3303 hist_abf         fr_start  20000: e_F(T) 0.0896  I_F 41.88  repl 0  ESSw/N nan  (141s)
  seed 3303 hist_fr_s0       fr_start      0: e_F(T) 0.0481  I_F 25.43  repl 4661  ESSw/N 0.668  (170s)
  seed 3303 hist_fr_s2500    fr_start   2500: e_F(T) 0.0538  I_F 33.08  repl 4554  ESSw/N 0.700  (171s)
  seed 3303 hist_fr_s10000   fr_start  10000: e_F(T) 0.0499  I_F 32.67  repl 4234  ESSw/N 0.681  (168s)
  seed 3303 hist_fr_s20000   fr_start  20000: e_F(T) 0.0440  I_F 27.96  repl 3597  ESSw/N 0.734  (165s)
  seed 3304 hist_abf         fr_start  20000: e_F(T) 0.0926  I_F 52.08  repl 0  ESSw/N nan  (142s)
  seed 3304 hist_fr_s0       fr_start      0: e_F(T) 0.0481  I_F 25.80  repl 4646  ESSw/N 0.643  (171s)
  seed 3304 hist_fr_s2500    fr_start   2500: e_F(T) 0.0523  I_F 26.59  repl 4468  ESSw/N 0.691  (170s)
  seed 3304 hist_fr_s10000   fr_start  10000: e_F(T) 0.0482  I_F 28.96  repl 4083  ESSw/N 0.705  (169s)
  seed 3304 hist_fr_s20000   fr_start  20000: e_F(T) 0.0457  I_F 32.00  repl 3572  ESSw/N 0.737  (166s)
  seed 3305 hist_abf         fr_start  20000: e_F(T) 0.1004  I_F 38.97  repl 0  ESSw/N nan  (143s)
  seed 3305 hist_fr_s0       fr_start      0: e_F(T) 0.0503  I_F 28.37  repl 4707  ESSw/N 0.646  (173s)
  seed 3305 hist_fr_s2500    fr_start   2500: e_F(T) 0.0546  I_F 28.73  repl 4516  ESSw/N 0.706  (172s)
  seed 3305 hist_fr_s10000   fr_start  10000: e_F(T) 0.0530  I_F 32.71  repl 4207  ESSw/N 0.695  (170s)
  seed 3305 hist_fr_s20000   fr_start  20000: e_F(T) 0.0500  I_F 34.18  repl 3542  ESSw/N 0.728  (168s)
  seed 3306 hist_abf         fr_start  20000: e_F(T) 0.0813  I_F 43.97  repl 0  ESSw/N nan  (144s)
  seed 3306 hist_fr_s0       fr_start      0: e_F(T) 0.0486  I_F 25.50  repl 4628  ESSw/N 0.631  (172s)
  seed 3306 hist_fr_s2500    fr_start   2500: e_F(T) 0.0475  I_F 27.77  repl 4482  ESSw/N 0.693  (171s)
  seed 3306 hist_fr_s10000   fr_start  10000: e_F(T) 0.0497  I_F 28.51  repl 4145  ESSw/N 0.708  (167s)
  seed 3306 hist_fr_s20000   fr_start  20000: e_F(T) 0.0492  I_F 34.17  repl 3640  ESSw/N 0.723  (165s)
  seed 3307 hist_abf         fr_start  20000: e_F(T) 0.0826  I_F 41.03  repl 0  ESSw/N nan  (142s)
  seed 3307 hist_fr_s0       fr_start      0: e_F(T) 0.0477  I_F 28.12  repl 4519  ESSw/N 0.621  (172s)
  seed 3307 hist_fr_s2500    fr_start   2500: e_F(T) 0.0473  I_F 26.39  repl 4567  ESSw/N 0.694  (170s)
  seed 3307 hist_fr_s10000   fr_start  10000: e_F(T) 0.0569  I_F 28.98  repl 4101  ESSw/N 0.715  (168s)
  seed 3307 hist_fr_s20000   fr_start  20000: e_F(T) 0.0521  I_F 29.65  repl 3655  ESSw/N 0.722  (168s)
# WCA FR-start ladder (histogram estimator, 160 bins, frozen cell): FR vs the seed's ABF arm

Seeds 3300-3307 (n = 8); own read-out; paired relative change (median, BCa 95 % CI, wins).

| arm | FR start (step / t) | e_F(T) median ABF / FR | d e_F(T) | I_F median ABF / FR | d I_F | replacements | windowed ESS/N min | max lineage share | time to ABF final accuracy, FR / ABF |
|---|---|---|---|---|---|---|---|---|---|
| hist_fr_s0 | 0 / t = 0 | 0.0911 / 0.0487 | -45.2 % [-48.0, -42.9] 8/8 | 41.45 / 26.27 | -37.7 % [-44.9, -30.8] 8/8 | 4634 | 0.637 | 0.037 | 28 / 185 |
| hist_fr_s10000 | 10000 / t = 20 | 0.0911 / 0.0501 | -45.8 % [-49.6, -40.3] 8/8 | 41.45 / 29.43 | -27.3 % [-36.0, -22.0] 8/8 | 4154 | 0.706 | 0.034 | 32 / 185 |
| hist_fr_s20000 | 20000 / t = 40 | 0.0911 / 0.0464 | -50.4 % [-52.3, -42.5] 8/8 | 41.45 / 31.13 | -26.2 % [-38.6, -17.3] 8/8 | 3584 | 0.726 | 0.034 | 60 / 185 |
| hist_fr_s2500 | 2500 / t = 5 | 0.0911 / 0.0499 | -43.5 % [-45.6, -42.2] 8/8 | 41.45 / 27.18 | -35.1 % [-45.5, -23.6] 8/8 | 4494 | 0.693 | 0.038 | 25 / 185 |
